******************************************************************************
                  TI ARM Linker PC v20.2.7                     
******************************************************************************
>> Linked Mon Dec 19 14:54:39 2022

OUTPUT FILE NAME:   <network_terminal_CC3235S_LAUNCHXL_tirtos_ccs.out>
ENTRY POINT SYMBOL: "_c_int00"  address: 200219bd


MEMORY CONFIGURATION

         name            origin    length      used     unused   attr    fill
----------------------  --------  ---------  --------  --------  ----  --------
  SRAM0                 20000000   00004000  0000070c  000038f4  RW X
  SRAM                  20004000   0003c000  000321d1  00009e2f  RW X
  LOG_DATA              90000000   00040000  00000000  00040000  R   


SEGMENT ALLOCATION MAP

run origin  load origin   length   init length attrs members
----------  ----------- ---------- ----------- ----- -------
20000000    20000000    0000030c   00000000    rw-
  20000000    20000000    0000030c   00000000    rw- .vecs
20003c00    20003c00    00000400   00000000    rw-
  20003c00    20003c00    00000400   00000000    rw- .stack
20004000    20004000    000285b0   000205aa    r-x
  20004000    20004000    0000030c   0000030c    r-- .resetVecs
  20004310    20004310    0002029a   0002029a    r-x .text
  200245b0    200245b0    00008000   00000000    r-- .priheap
2002c800    2002c800    00003d93   00000000    rw-
  2002c800    2002c800    00003d93   00000000    rw- .bss
20030594    20030594    000038ba   000038ba    r--
  20030594    20030594    000038ba   000038ba    r-- .const
20033e50    20033e50    00001866   00000000    rw-
  20033e50    20033e50    00001866   00000000    rw- .data
200356b8    200356b8    00000d78   00000d78    r--
  200356b8    200356b8    00000d78   00000d78    r-- .cinit


SECTION ALLOCATION MAP

 output                                  attributes/
section   page    origin      length       input sections
--------  ----  ----------  ----------   ----------------
.resetVecs 
*          0    20004000    0000030c     
                  20004000    0000030c     release_pem4.oem4 (.resetVecs)

.text      0    20004310    0002029a     
                  20004310    000012f6     transceiver_cmd.obj (.text:TxTask)
                  20005606    00000002     ti_drivers_config.obj (.text:Board_initHook)
                  20005608    00000ca0     cmd_parser.obj (.text:ParseCreateFilterCmd)
                  200062a8    00000a4e     rtsv7M4_T_le_eabi.lib : _printfi.c.obj (.text:__TI_printfi)
                  20006cf6    00000002     drivers_cc32xx.a : UART2CC32XX.oem4 (.text:UART2CC32XX_eventCallback)
                  20006cf8    000008e8     simplelink.a : driver.obj (.text:_SlDrvMsgRead)
                  200075e0    000007c4     network_terminal.obj (.text:SimpleLinkWlanEventHandler)
                  20007da4    00000658     cmd_parser.obj (.text:ParseStartApCmd)
                  200083fc    0000061c     socket_cmd.obj (.text:drawRxHist)
                  20008a18    00000578     cmd_parser.obj (.text:ParseRecvCmd)
                  20008f90    0000050c     transceiver_cmd.obj (.text:RxTask)
                  2000949c    00000508     socket_cmd.obj (.text:TCPServer)
                  200099a4    000004f0     cmd_parser.obj (.text:ParseSendCmd)
                  20009e94    000004bc     simplelink.a : sl_socket.obj (.text:_SlSocketHandleAsync_Select)
                  2000a350    000004a8     cmd_parser.obj (.text:ParseProfileCmd)
                  2000a7f8    0000048c     cmd_parser.obj (.text:ParseConnectCmd)
                  2000ac84    00000478     netapp_cmd.obj (.text:mDNSQueryCallback)
                  2000b0fc    00000474     socket_cmd.obj (.text:UDPServer)
                  2000b570    0000044a     socket_cmd.obj (.text:TCPClient)
                  2000b9ba    00000002     drivers_cc32xx.a : UARTCC32XXDMA.oem4 (.text:UARTCC32XXDMA_init)
                  2000b9bc    0000042c     driverlib.a : prcm.obj (.text:PRCMCC3200MCUInit)
                  2000bde8    000003f4     cmd_parser.obj (.text:ParsePingCmd)
                  2000c1dc    000003f3     socket_cmd.obj (.text:UDPClient)
                  2000c5cf    00000001     --HOLE-- [fill = 0]
                  2000c5d0    000003e8     wlan_cmd.obj (.text:cmdWlanConnectCallback)
                  2000c9b8    000003ac     wlan_cmd.obj (.text:cmdWlanStartApCallback)
                  2000cd64    0000039c     wlan_cmd.obj (.text:printExtScanResults)
                  2000d100    00000384     simplelink.a : driver.obj (.text:_SlDrvMsgWrite)
                  2000d484    00000334     radio_tool.obj (.text:radioTool_TxStart)
                  2000d7b8    00000320     wlan_cmd.obj (.text:cmdWlanStopApCallback)
                  2000dad8    00000320     wlan_cmd.obj (.text:setP2Pparams)
                  2000ddf8    0000031c     simplelink.a : driver.obj (.text:_SlDrvReleasePoolObj)
                  2000e114    00000310     network_terminal.obj (.text:DisplayAppBanner)
                  2000e424    0000030c     wlan_cmd.obj (.text:cmdEnableWoWLANCallback)
                  2000e730    00000308     network_terminal.obj (.text:SimpleLinkNetAppEventHandler)
                  2000ea38    000002e0     simplelink.a : driver.obj (.text:_SlDrvWaitForPoolObj)
                  2000ed18    000002d8                  : driver.obj (.text:_SlDrvRxHdrRead)
                  2000eff0    000002c4     cmd_parser.obj (.text:ParsemDNSAdvertiseCmd)
                  2000f2b4    000002bc     wlan_cmd.obj (.text:p2pConnect)
                  2000f570    000002bc     wlan_cmd.obj (.text:printScanResults)
                  2000f82c    000002b8     netapp_cmd.obj (.text:mDNSAdvertiseCallback)
                  2000fae4    000002b8     simplelink.a : wlan.obj (.text:sl_WlanProfileAdd)
                  2000fd9c    000002a4                  : wlanconfig.obj (.text:sl_WifiConfig)
                  20010040    00000294     drivers_cc32xx.a : UART2CC32XX.oem4 (.text:UART2_open)
                  200102d4    00000284     simplelink.a : wlan.obj (.text:sl_WlanConnect)
                  20010558    00000278     wlan_cmd.obj (.text:cmdConnectedStationsCallback)
                  200107d0    00000274     wlan_cmd.obj (.text:cmdSetPolicyCallback)
                  20010a44    00000268     rtsv7M4_T_le_eabi.lib : _printfi.c.obj (.text:_pconv_a)
                  20010cac    00000260     cmd_parser.obj (.text:ParseSetPolicyCmd)
                  20010f0c    0000025c     simplelink.a : driver.obj (.text:_SlDrvDataReadOp)
                  20011168    0000025c     wlan_cmd.obj (.text:cmdTriggeredRoamingEnablecallback)
                  200113c4    00000254     network_terminal.obj (.text:mainThread)
                  20011618    00000250     cmd_parser.obj (.text:ParseEnableWoWLANCmd)
                  20011868    0000024c     netapp_cmd.obj (.text:cmdPingCallback)
                  20011ab4    00000244     wlan_cmd.obj (.text:cmdSoftRoamingEnablecallback)
                  20011cf8    00000234     drivers_cc32xx.a : UART2CC32XX.oem4 (.text:UART2CC32XX_hwiIntFxn)
                  20011f2c    00000230     wlan_cmd.obj (.text:cmdP2PModecallback)
                  2001215c    00000228     network_terminal.obj (.text:ipv6AddressParse)
                  20012384    00000224     simplelink.a : driver.obj (.text:_SlDrvDriverCBInit)
                  200125a8    00000218                  : driver.obj (.text:_SlDrvDataWriteOp)
                  200127c0    0000020c     drivers_cc32xx.a : UARTCC32XXDMA.oem4 (.text:UARTCC32XXDMA_open)
                  200129cc    00000200                      : UART2.oem4 (.text:UART2_readTimeout)
                  20012bcc    00000200     network_terminal.obj (.text:initAppVariables)
                  20012dcc    000001fc     uart_term.obj (.text:GetCmd)
                  20012fc8    000001f4     simplelink.a : driver.obj (.text:_SlDrvMsgReadCmdCtx)
                  200131bc    000001f4     wlan_cmd.obj (.text:setStaticIPConfig)
                  200133b0    000001f2     simplelink.a : netapp.obj (.text:_SlNetAppEventHandler)
                  200135a2    00000002     rtsv7M4_T_le_eabi.lib : _lock.c.obj (.text:_nop)
                  200135a4    000001e8     simplelink.a : netapp.obj (.text:sl_NetAppPing)
                  2001378c    000001e7     network_terminal.obj (.text:SimpleLinkFatalErrorEventHandler)
                  20013973    00000001     --HOLE-- [fill = 0]
                  20013974    000001e0     simplelink.a : device.obj (.text:sl_Stop)
                  20013b54    000001d8     wlan_cmd.obj (.text:cmdAddProfilecallback)
                  20013d2c    000001d0     drivers_cc32xx.a : SPICC32XXDMA.oem4 (.text:SPICC32XXDMA_transfer)
                  20013efc    000001cc     rtsv7M4_T_le_eabi.lib : _printfi.c.obj (.text:_pconv_g)
                  200140c8    000001b8     drivers_cc32xx.a : SPICC32XXDMA.oem4 (.text:configDMA)
                  20014280    000001b8     transceiver_cmd.obj (.text:showTxMenu)
                  20014438    000001b6     rtsv7M4_T_le_eabi.lib : fd_add_t2.asm.obj (.text)
                  200145ee    00000002                           : div0.asm.obj (.text)
                  200145f0    000001b4     simplelink.a : driver.obj (.text:_SlDrvReleaseAllActivePendingPoolObj)
                  200147a4    000001b2     wlan_cmd.obj (.text:cmdGetProfilecallback)
                  20014956    00000002     release_pem4.oem4 (.text:ti_sysbios_BIOS_nullFunc__I)
                  20014958    000001ac     wlan_cmd.obj (.text:cmdP2PStopcallback)
                  20014b04    000001a8     simplelink.a : sl_socket.obj (.text:sl_Accept)
                  20014cac    000001a5     socket_cmd.obj (.text:cmdRecvCallback)
                  20014e51    00000001     --HOLE-- [fill = 0]
                  20014e52    00000002     release_pem4.oem4 (.text:xdc_runtime_Startup_reset__I)
                  20014e54    0000019c     cmd_parser.obj (.text:ParsemDNSQueryCmd)
                  20014ff0    00000184     simplelink.a : driver.obj (.text:_SlDrvFindAndSetActiveObj)
                  20015174    00000178                  : sl_socket.obj (.text:sl_Connect)
                  200152ec    00000170     transceiver_cmd.obj (.text:cmdTranceiverModecallback)
                  2001545c    00000170     simplelink.a : netapp.obj (.text:sl_NetAppDnsGetHostByName)
                  200155cc    0000016c     cmd_parser.obj (.text:ParseCountycodeCmd)
                  20015738    00000160     wlan_cmd.obj (.text:cmdAntSelectionEnablecallback)
                  20015898    0000015c     dpl_cc32xx.a : PowerCC32XX_tirtos.oem4 (.text:PowerCC32XX_sleepPolicy)
                  200159f4    00000158     drivers_cc32xx.a : SPICC32XXDMA.oem4 (.text:SPICC32XXDMA_open)
                  20015b4c    00000158     wlan_cmd.obj (.text:cmdCoexEnablecallback)
                  20015ca4    00000158     wlan_cmd.obj (.text:printFrameSubTyps)
                  20015dfc    00000154     drivers_cc32xx.a : GPIOCC32XX.oem4 (.text:GPIO_setConfig)
                  20015f50    00000154     simplelink.a : sl_socket.obj (.text:sl_RecvFrom)
                  200160a4    0000014c     wlan_cmd.obj (.text:cmdScanCallback)
                  200161f0    00000148     simplelink.a : sl_socket.obj (.text:_SlDrvGetNextTimeoutValue)
                  20016338    00000148     drivers_cc32xx.a : PowerCC32XX.oem4 (.text:parkPins)
                  20016480    00000140     simplelink.a : driver.obj (.text:_SlDrvMsgReadSpawnCtx)
                  200165c0    0000013c     cmd_parser.obj (.text:ParseTriggeredRoamingEnableCmd)
                  200166fc    0000013c     rtsv7M4_T_le_eabi.lib : _printfi.c.obj (.text:_pconv_e)
                  20016838    00000138     drivers_cc32xx.a : PowerCC32XX.oem4 (.text:Power_sleep)
                  20016970    00000138     simplelink.a : driver.obj (.text:_SlSpawnMsgListInsert)
                  20016aa8    00000138     wlan_cmd.obj (.text:cmdAntSelectionDisablecallback)
                  20016be0    00000138     transceiver_cmd.obj (.text:showMenu)
                  20016d18    00000136     rtsv7M4_T_le_eabi.lib : fd_div_t2.asm.obj (.text)
                  20016e4e    00000002     --HOLE-- [fill = 0]
                  20016e50    00000134     transceiver_cmd.obj (.text:showPHYConfMenu)
                  20016f84    00000130     simplelink.a : driver.obj (.text:_SlDrvDriverCBDeinit)
                  200170b4    00000130     wlan_cmd.obj (.text:cmdCoexDisablecallback)
                  200171e4    00000130     rtsv7M4_T_le_eabi.lib : strtol.c.obj (.text:strtol)
                  20017314    00000004     dpl_cc32xx.a : ClockP_tirtos.oem4 (.text:ClockP_destruct)
                  20017318    00000130     sysbios.aem4 : BIOS.obj (.text:ti_sysbios_knl_Semaphore_pend__E)
                  20017448    00000128     cmd_parser.obj (.text:ParseScanCmd)
                  20017570    00000128     simplelink.a : driver.obj (.text:_SlDrvClassifyRxMsg)
                  20017698    00000120                  : driver.obj (.text:_SlDrvAsyncEventGenericHandler)
                  200177b8    00000120     rtsv7M4_T_le_eabi.lib : _printfi.c.obj (.text:fcvt)
                  200178d8    00000120     sysbios.aem4 : BIOS.obj (.text:xdc_runtime_Startup_startMods__I)
                  200179f8    0000011c     transceiver_cmd.obj (.text:showModCodeMenu)
                  20017b14    0000011c     simplelink.a : device.obj (.text:sl_Start)
                  20017c30    00000118                  : netapp.obj (.text:_SlNetAppHandleAsync_DnsGetHostByService)
                  20017d48    00000118                  : wlan.obj (.text:sl_WlanProfileGet)
                  20017e60    00000117     wlan_cmd.obj (.text:cmdCreateFilterCallback)
                  20017f77    00000001     --HOLE-- [fill = 0]
                  20017f78    00000114     wlan_cmd.obj (.text:printCreateFilterUsage)
                  2001808c    00000110     simplelink.a : netapp.obj (.text:sl_NetAppDnsGetHostByService)
                  2001819c    00000110     rtsv7M4_T_le_eabi.lib : strtoul.c.obj (.text:strtoul)
                  200182ac    00000004     dpl_cc32xx.a : ClockP_tirtos.oem4 (.text:ClockP_getCpuFreq)
                  200182b0    00000110     sysbios.aem4 : BIOS.obj (.text:ti_sysbios_knl_Task_postInit__I)
                  200183c0    0000010c     uart_term.obj (.text:pushCommand)
                  200184cc    00000108     drivers_cc32xx.a : UART2CC32XX.oem4 (.text:UART2_close)
                  200185d4    00000104     simplelink.a : device.obj (.text:_SlDeviceEventHandler)
                  200186d8    00000104                  : driver.obj (.text:_SlDrvCmdOp)
                  200187dc    00000004     dpl_cc32xx.a : ClockP_tirtos.oem4 (.text:ClockP_setTimeout)
                  200187e0    00000104     sysbios.aem4 : BIOS.obj (.text:ti_sysbios_knl_Task_Instance_finalize__E)
                  200188e4    00000100     cmd_parser.obj (.text:ParseSoftRoamingEnableCmd)
                  200189e4    00000100     simplelink.a : driver.obj (.text:_SlDrvObjGlobalLockWaitForever)
                  20018ae4    00000100     network_terminal.obj (.text:cmdHelpCallback)
                  20018be4    000000fc     network_terminal.obj (.text:cmd_prompt)
                  20018ce0    000000fc     rtsv7M4_T_le_eabi.lib : fd_mul_t2.asm.obj (.text)
                  20018ddc    000000fa                           : fs_add_t2.asm.obj (.text)
                  20018ed6    00000002     --HOLE-- [fill = 0]
                  20018ed8    000000f8     drivers_cc32xx.a : UARTCC32XXDMA.oem4 (.text:UARTCC32XXDMA_close)
                  20018fd0    000000f8     simplelink.a : sl_socket.obj (.text:sl_Close)
                  200190c8    000000f4     netapp_cmd.obj (.text:SimpleLinkPingReport)
                  200191bc    000000f4     socket_cmd.obj (.text:cmdSendCallback)
                  200192b0    000000f4     simplelink.a : sl_socket.obj (.text:sl_SendTo)
                  200193a4    000000f2     drivers_cc32xx.a : SPICC32XXDMA.oem4 (.text:SPICC32XXDMA_transferCancel)
                  20019496    00000002     --HOLE-- [fill = 0]
                  20019498    000000f0     cmd_parser.obj (.text:ParsegetProfileCmd)
                  20019588    000000f0     sysbios.aem4 : BIOS.obj (.text:pthread_create)
                  20019678    000000ec     drivers_cc32xx.a : UART2CC32XX.oem4 (.text:UART2CC32XX_initHw)
                  20019764    000000ec     wlan_cmd.obj (.text:cmdCountrycodecallback)
                  20019850    000000e8     drivers_cc32xx.a : UARTCC32XXDMA.oem4 (.text:initHw)
                  20019938    000000e8     sysbios.aem4 : BIOS.obj (.text:ti_sysbios_knl_Task_Instance_init__E)
                  20019a20    000000e4     drivers_cc32xx.a : UART2CC32XX.oem4 (.text:UART2Support_dmaStartRx)
                  20019b04    00000004     dpl_cc32xx.a : ClockP_tirtos.oem4 (.text:ClockP_start)
                  20019b08    000000e4     sysbios.aem4 : BIOS.obj (.text:clock_gettime)
                  20019bec    000000de     network_terminal.obj (.text:hexbyteStrtoASCII)
                  20019cca    00000002     --HOLE-- [fill = 0]
                  20019ccc    000000d8     drivers_cc32xx.a : SPICC32XXDMA.oem4 (.text:SPICC32XXDMA_close)
                  20019da4    000000d8     simplelink.a : device.obj (.text:_SlDeviceHandleAsync_InitComplete)
                  20019e7c    000000d8                  : driver.obj (.text:_SlDrvWaitForInternalAsyncEvent)
                  20019f54    000000d8                  : netapp.obj (.text:_SlNetAppHandleAsync_NetAppReceive)
                  2001a02c    000000d4     socket_cmd.obj (.text:printRecvUsage)
                  2001a100    000000d4     sysbios.aem4 : BIOS.obj (.text:ti_sysbios_heaps_HeapMem_alloc__E)
                  2001a1d4    000000d0     simplelink.a : driver.obj (.text:_SlDrvRemoveFromList)
                  2001a2a4    000000d0                  : netapp.obj (.text:_SlNetAppMDNSRegisterUnregisterService)
                  2001a374    000000d0     rtsv7M4_T_le_eabi.lib : s_scalbn.c.obj (.text:scalbn)
                  2001a444    000000d0     simplelink.a : netapp.obj (.text:sl_NetAppGetServiceList)
                  2001a514    000000ce     cmd_parser.obj (.text:mDNScreateServiceName)
                  2001a5e2    00000002     --HOLE-- [fill = 0]
                  2001a5e4    000000cc     wlan_cmd.obj (.text:cmdDeleteFilterCallback)
                  2001a6b0    000000cc     wlan_cmd.obj (.text:cmdDisableFilterCallback)
                  2001a77c    000000cc     wlan_cmd.obj (.text:cmdEnableFilterCallback)
                  2001a848    000000cc     sysbios.aem4 : m3_Hwi_asm.obj (.text:ti_sysbios_family_arm_m3_Hwi_dispatch__I)
                  2001a914    000000c8     drivers_cc32xx.a : UART2CC32XX.oem4 (.text:UART2Support_dmaStartTx)
                  2001a9dc    000000c8                      : SPICC32XXDMA.oem4 (.text:spiHwiFxn)
                  2001aaa4    000000c4     cmd_parser.obj (.text:ParseCmd)
                  2001ab68    000000c4     sysbios.aem4 : BIOS.obj (.text:ti_sysbios_knl_Task_sleep__E)
                  2001ac2c    000000c0     simplelink.a : cc_pal.obj (.text:NwpPowerOff)
                  2001acec    000000c0     network_terminal.obj (.text:macAddressParse)
                  2001adac    000000c0     drivers_cc32xx.a : PowerCC32XX.oem4 (.text:restoreParkedPins)
                  2001ae6c    000000c0     simplelink.a : netcfg.obj (.text:sl_NetCfgGet)
                  2001af2c    000000bc     wlan_cmd.obj (.text:CheckSubFrameType)
                  2001afe8    000000bc     simplelink.a : netapp.obj (.text:_SlNetAppSendResponse)
                  2001b0a4    000000bc     socket_cmd.obj (.text:printSendUsage)
                  2001b160    000000bc     simplelink.a : sl_socket.obj (.text:sl_Send)
                  2001b21c    000000bc                  : wlan.obj (.text:sl_WlanProvisioning)
                  2001b2d8    000000bc     sysbios.aem4 : BIOS.obj (.text:xdc_runtime_Core_createObject__I)
                  2001b394    000000b8     drivers_cc32xx.a : UARTCC32XXDMA.oem4 (.text:UARTCC32XXDMA_configDMA)
                  2001b44c    000000b8     simplelink.a : netapp.obj (.text:_SlNetAppHandleAsync_DnsGetHostByName)
                  2001b504    000000b8                  : netapp.obj (.text:_SlNetAppHandleAsync_PingResponse)
                  2001b5bc    000000b8     network_terminal.obj (.text:showAvailableCmd)
                  2001b674    000000b8     simplelink.a : device.obj (.text:sl_DeviceGet)
                  2001b72c    000000b8                  : wlan.obj (.text:sl_WlanGet)
                  2001b7e4    00000004     dpl_cc32xx.a : ClockP_tirtos.oem4 (.text:ClockP_stop)
                  2001b7e8    000000b8     sysbios.aem4 : BIOS.obj (.text:ti_sysbios_family_arm_m3_Hwi_Instance_init__E)
                  2001b8a0    000000b4     network_terminal.obj (.text:PrintIPAddress)
                  2001b954    000000b4     drivers_cc32xx.a : UARTCC32XXDMA.oem4 (.text:UARTCC32XXDMA_hwiIntFxn)
                  2001ba08    000000b4     simplelink.a : driver.obj (.text:_SlDrvHandleFatalError)
                  2001babc    000000b4                  : netutil.obj (.text:_SlNetUtilHandleAsync_Cmd)
                  2001bb70    000000b4     radio_tool.obj (.text:radioTool_Open)
                  2001bc24    000000b1     rtsv7M4_T_le_eabi.lib : _printfi.c.obj (.text:_ltostr)
                  2001bcd5    00000003     --HOLE-- [fill = 0]
                  2001bcd8    000000b0     wlan_cmd.obj (.text:printWlanConnectUsage)
                  2001bd88    000000b0     wlan_cmd.obj (.text:printWlanStartApUsage)
                  2001be38    000000b0     simplelink.a : wlan.obj (.text:sl_WlanRxStatGet)
                  2001bee8    000000ac                  : sl_socket.obj (.text:_SlSocketHandleAsync_Close)
                  2001bf94    000000ac                  : sl_socket.obj (.text:_SlSocketHandleAsync_Connect)
                  2001c040    000000ac     wlan_cmd.obj (.text:sendConnectionReq)
                  2001c0ec    000000a9     wlan_cmd.obj (.text:cmdAPTransitionDisablecallback)
                  2001c195    00000003     --HOLE-- [fill = 0]
                  2001c198    000000a9     wlan_cmd.obj (.text:cmdTriggeredRoamingDisablecallback)
                  2001c241    00000003     --HOLE-- [fill = 0]
                  2001c244    000000a8     driverlib.a : prcm.obj (.text:PRCMPeripheralClockGet)
                  2001c2ec    000000a8     drivers_cc32xx.a : PowerCC32XX.oem4 (.text:PowerCC32XX_configureWakeup)
                  2001c394    000000a8     netapp_cmd.obj (.text:printmDNSAdvertiseUsage)
                  2001c43c    000000a6     uart_term.obj (.text:Report)
                  2001c4e2    000000a6     simplelink.a : driver.obj (.text:_SlDrvIsTimeoutExpired)
                  2001c588    000000a6     transceiver_cmd.obj (.text:is5GhzChannel)
                  2001c62e    00000002     --HOLE-- [fill = 0]
                  2001c630    000000a4     wlan_cmd.obj (.text:printAddProfileUsage)
                  2001c6d4    000000a4     wlan_cmd.obj (.text:printSetPolicyUsage)
                  2001c778    000000a4     simplelink.a : sl_socket.obj (.text:sl_Bind)
                  2001c81c    000000a4                  : netapp.obj (.text:sl_NetAppGet)
                  2001c8c0    000000a4     sysbios.aem4 : BIOS.obj (.text:ti_sysbios_knl_Task_setPri__E)
                  2001c964    000000a1     wlan_cmd.obj (.text:cmdAPTransitionEnablecallback)
                  2001ca05    00000003     --HOLE-- [fill = 0]
                  2001ca08    000000a1     wlan_cmd.obj (.text:cmdWlanDisconnectCallback)
                  2001caa9    00000003     --HOLE-- [fill = 0]
                  2001caac    000000a0     uart_term.obj (.text:InitTerm)
                  2001cb4c    000000a0     simplelink.a : driver.obj (.text:_SlSpawnMsgListProcess)
                  2001cbec    000000a0     auto_init.aem4 : auto_init.oem4 (.text)
                  2001cc8c    0000009e     simplelink.a : cc_pal.obj (.text:spi_Read)
                  2001cd2a    0000009e                  : cc_pal.obj (.text:spi_Write)
                  2001cdc8    0000009c     sysbios.aem4 : BIOS.obj (.text:_pthread_removeThreadKeys)
                  2001ce64    0000009c     rtsv7M4_T_le_eabi.lib : memcpy_t2.asm.obj (.text)
                  2001cf00    00000098     netapp_cmd.obj (.text:printPingUsage)
                  2001cf98    00000096     wlan_cmd.obj (.text:cmdSoftRoamingDisablecallback)
                  2001d02e    00000002     --HOLE-- [fill = 0]
                  2001d030    00000096     network_terminal.obj (.text:ipv4AddressParse)
                  2001d0c6    00000096     rtsv7M4_T_le_eabi.lib : ull_div_t2.asm.obj (.text)
                  2001d15c    00000094     simplelink.a : cc_pal.obj (.text:Semaphore_pend_handle)
                  2001d1f0    00000094     drivers_cc32xx.a : SPICC32XXDMA.oem4 (.text:initHw)
                  2001d284    00000094     simplelink.a : wlan.obj (.text:sl_WlanGetExtNetworkList)
                  2001d318    00000094                  : wlan.obj (.text:sl_WlanGetNetworkList)
                  2001d3ac    00000004     dpl_cc32xx.a : HwiP_tirtos.oem4 (.text:HwiP_clearInterrupt)
                  2001d3b0    00000094     sysbios.aem4 : BIOS.obj (.text:ti_sysbios_knl_Task_exit__E)
                  2001d444    00000092     rtsv7M4_T_le_eabi.lib : fs_div_t2.asm.obj (.text)
                  2001d4d6    00000002     --HOLE-- [fill = 0]
                  2001d4d8    00000090     drivers_cc32xx.a : GPIOCC32XX.oem4 (.text:GPIO_init)
                  2001d568    00000090     simplelink.a : device.obj (.text:_SlDeviceHandleAsync_Stop)
                  2001d5f8    00000090                  : sl_socket.obj (.text:_SlSocketHandleAsync_Accept)
                  2001d688    00000090     netapp_cmd.obj (.text:printmDNSQueryUsage)
                  2001d718    00000090     radio_tool.obj (.text:radioTool_RxStart)
                  2001d7a8    00000090     drivers_cc32xx.a : PowerCC32XX.oem4 (.text:restoreNVICRegs)
                  2001d838    00000090     simplelink.a : wlan.obj (.text:sl_WlanRxFilterAdd)
                  2001d8c8    00000090     sysbios.aem4 : BIOS.obj (.text:ti_sysbios_knl_Task_Module_startup__E)
                  2001d958    0000008c     drivers_cc32xx.a : UARTCC32XXDMA.oem4 (.text:UARTCC32XXDMA_write)
                  2001d9e4    0000008c     simplelink.a : driver.obj (.text:_SlDrvDriverIsApiAllowed)
                  2001da70    0000008c                  : driver.obj (.text:_SlDrvProtectAsyncRespSetting)
                  2001dafc    0000008c     wlan_cmd.obj (.text:printEnableWoWLANUsage)
                  2001db88    0000008c     simplelink.a : sl_socket.obj (.text:sl_Recv)
                  2001dc14    0000008c                  : wlan.obj (.text:sl_WlanRxStatStart)
                  2001dca0    0000008c                  : wlan.obj (.text:sl_WlanRxStatStop)
                  2001dd2c    00000004     dpl_cc32xx.a : HwiP_tirtos.oem4 (.text:HwiP_destruct)
                  2001dd30    0000008c     sysbios.aem4 : BIOS.obj (.text:xdc_runtime_Memory_alloc__E)
                  2001ddbc    00000088     driverlib.a : pin.obj (.text:PinConfigSet)
                  2001de44    00000004     dpl_cc32xx.a : HwiP_tirtos.oem4 (.text:HwiP_disable)
                  2001de48    00000088     sysbios.aem4 : BIOS.obj (.text:ti_sysbios_family_arm_m3_Hwi_initNVIC__E)
                  2001ded0    00000086     rtsv7M4_T_le_eabi.lib : fd_cmp_t2.asm.obj (.text:__aeabi_cdcmple)
                  2001df56    00000086                           : fd_cmp_t2.asm.obj (.text:__aeabi_cdrcmple)
                  2001dfdc    00000004     dpl_cc32xx.a : HwiP_tirtos.oem4 (.text:HwiP_disableInterrupt)
                  2001dfe0    00000086     sysbios.aem4 : BIOS.obj (.text:xdc_runtime_Core_constructObject__I)
                  2001e066    00000002     --HOLE-- [fill = 0]
                  2001e068    00000084     drivers_cc32xx.a : PowerCC32XX.oem4 (.text:Power_init)
                  2001e0ec    00000084     wlan_cmd.obj (.text:printScanUsage)
                  2001e170    00000084     drivers_cc32xx.a : PowerCC32XX.oem4 (.text:saveNVICRegs)
                  2001e1f4    00000084     network_terminal.obj (.text:sem_wait_timeout)
                  2001e278    00000084     simplelink.a : netapp.obj (.text:sl_NetAppSet)
                  2001e2fc    00000084                  : netcfg.obj (.text:sl_NetCfgSet)
                  2001e380    00000084                  : sl_socket.obj (.text:sl_SetSockOpt)
                  2001e404    00000084                  : wlan.obj (.text:sl_WlanSet)
                  2001e488    00000084     sysbios.aem4 : BIOS.obj (.text:ti_sysbios_family_arm_m3_Hwi_postInit__I)
                  2001e50c    00000004     dpl_cc32xx.a : HwiP_tirtos.oem4 (.text:HwiP_enableInterrupt)
                  2001e510    00000084     sysbios.aem4 : BIOS.obj (.text:ti_sysbios_heaps_HeapMem_free__E)
                  2001e594    00000080     drivers_cc32xx.a : PowerCC32XX.oem4 (.text:Power_setDependency)
                  2001e614    00000080                      : UARTCC32XXDMA.oem4 (.text:UARTCC32XXDMA_read)
                  2001e694    00000004                      : SPICC32XXDMA.oem4 (.text:SPICC32XXDMA_init)
                  2001e698    00000080     sysbios.aem4 : BIOS.obj (.text:_pthread_abstime2ticks)
                  2001e718    00000080     simplelink.a : device.obj (.text:sl_DeviceSet)
                  2001e798    00000080     sysbios.aem4 : BIOS.obj (.text:ti_sysbios_knl_Clock_workFunc__E)
                  2001e818    0000007e     cmd_parser.obj (.text:FreeConnectCmd)
                  2001e896    00000002     --HOLE-- [fill = 0]
                  2001e898    0000007c     drivers_cc32xx.a : UDMACC32XX.oem4 (.text:UDMACC32XX_open)
                  2001e914    0000007c     simplelink.a : wlan.obj (.text:sl_WlanPolicySet)
                  2001e990    0000007a     drivers_cc32xx.a : UARTCC32XXDMA.oem4 (.text:UARTCC32XXDMA_readPolling)
                  2001ea0a    0000007a     rtsv7M4_T_le_eabi.lib : fs_mul_t2.asm.obj (.text)
                  2001ea84    0000007a                           : memset_t2.asm.obj (.text)
                  2001eafe    00000002     --HOLE-- [fill = 0]
                  2001eb00    00000078     radio_tool.obj (.text:radioTool_TxStop)
                  2001eb78    00000078     simplelink.a : sl_socket.obj (.text:sl_Socket)
                  2001ebf0    00000074     drivers_cc32xx.a : UART2CC32XX.oem4 (.text:UART2CC32XX_readCallback)
                  2001ec64    00000074                      : GPIOCC32XX.oem4 (.text:powerNotifyFxn)
                  2001ecd8    00000074     wlan_cmd.obj (.text:printCountrycodeeUsage)
                  2001ed4c    00000074     wlan_cmd.obj (.text:printSoftRoamingEnableUsage)
                  2001edc0    00000074     wlan_cmd.obj (.text:printTriggeredRoamingEnableUsage)
                  2001ee34    00000004     dpl_cc32xx.a : SemaphoreP_tirtos.oem4 (.text:SemaphoreP_destruct)
                  2001ee38    00000074     sysbios.aem4 : BIOS.obj (.text:xdc_runtime_Core_deleteObject__I)
                  2001eeac    00000070     simplelink.a : driver.obj (.text:_SlDrvCmdSend_noLock)
                  2001ef1c    00000004     dpl_cc32xx.a : SemaphoreP_tirtos.oem4 (.text:SemaphoreP_post)
                  2001ef20    00000070     sysbios.aem4 : BIOS.obj (.text:acquireMutexNone$47)
                  2001ef90    00000070     transceiver_cmd.obj (.text:showCCAThreshHoldMenu)
                  2001f000    00000070     transceiver_cmd.obj (.text:showRxMenu)
                  2001f070    00000070     sysbios.aem4 : BIOS.obj (.text:ti_sysbios_heaps_HeapMem_initPrimary__I)
                  2001f0e0    0000006e     rtsv7M4_T_le_eabi.lib : _printfi.c.obj (.text:_mcpy)
                  2001f14e    00000002     --HOLE-- [fill = 0]
                  2001f150    0000006c     simplelink.a : device.obj (.text:_SlDeviceHandleResetRequestInternally)
                  2001f1bc    0000006c                  : netapp.obj (.text:_SlNetAppSendTokenValue)
                  2001f228    0000006c     sysbios.aem4 : BIOS.obj (.text:pthread_cancel)
                  2001f294    00000004     release_pem4.oem4 (.text:ti_sysbios_BIOS_RtsGateProxy_enter__E)
                  2001f298    0000006c     sysbios.aem4 : BIOS.obj (.text:ti_sysbios_knl_Swi_restoreHwi__E)
                  2001f304    0000006a     cmd_parser.obj (.text:FreeProfileCmd)
                  2001f36e    00000002     --HOLE-- [fill = 0]
                  2001f370    00000068     uart_term.obj (.text:ReplaceLine)
                  2001f3d8    00000068     simplelink.a : driver.obj (.text:_SlSpawnMsgListGetCount)
                  2001f440    00000068     rtsv7M4_T_le_eabi.lib : copy_decompress_lzss.c.obj (.text:decompress:lzss:__TI_decompress_lzss)
                  2001f4a8    00000068     main_tirtos.obj (.text:main)
                  2001f510    00000068     wlan_cmd.obj (.text:printAntSelectionEnableUsage)
                  2001f578    00000068     wlan_cmd.obj (.text:printCoexEnableUsage)
                  2001f5e0    00000068     wlan_cmd.obj (.text:printGetProfileUsage)
                  2001f648    00000068     wlan_cmd.obj (.text:printP2PStartUsage)
                  2001f6b0    00000068     wlan_cmd.obj (.text:printP2PStopUsage)
                  2001f718    00000068     sysbios.aem4 : BIOS.obj (.text:pthread_exit)
                  2001f780    00000068     uart_term.obj (.text:retCommand)
                  2001f7e8    00000068     simplelink.a : cc_pal.obj (.text:spi_Open)
                  2001f850    00000068     sysbios.aem4 : BIOS.obj (.text:ti_sysbios_family_arm_cc32xx_Seconds_getTime__E)
                  2001f8b8    00000064     drivers_cc32xx.a : GPIOCC32XX.oem4 (.text:GPIO_setInterruptConfig)
                  2001f91c    00000064                      : PowerCC32XX.oem4 (.text:PowerCC32XX_setParkState)
                  2001f980    00000064     sysbios.aem4 : BIOS.obj (.text:pthread_join)
                  2001f9e4    00000004     release_pem4.oem4 (.text:ti_sysbios_BIOS_RtsGateProxy_leave__E)
                  2001f9e8    00000064     sysbios.aem4 : BIOS.obj (.text:ti_sysbios_family_arm_m3_Hwi_dispatchC__I)
                  2001fa4c    00000064     driverlib.a : udma.obj (.text:uDMAChannelAttributeDisable)
                  2001fab0    00000060     drivers_cc32xx.a : GPIOCC32XX.oem4 (.text:GPIO_hwiIntFxn)
                  2001fb10    00000060     driverlib.a : prcm.obj (.text:PRCMSysResetCauseGet)
                  2001fb70    00000060     drivers_cc32xx.a : UARTCC32XXDMA.oem4 (.text:UARTCC32XXDMA_control)
                  2001fbd0    00000060     sysbios.aem4 : BIOS.obj (.text:ti_sysbios_knl_Semaphore_post__E)
                  2001fc30    00000060                  : BIOS.obj (.text:ti_sysbios_knl_Swi_run__I)
                  2001fc90    0000005e     drivers_cc32xx.a : UART2CC32XX.oem4 (.text:UART2Support_dmaStopTx)
                  2001fcee    00000002     --HOLE-- [fill = 0]
                  2001fcf0    0000005c     simplelink.a : spawn.obj (.text:_SlInternalSpawn)
                  2001fd4c    0000005c     rtsv7M4_T_le_eabi.lib : s_frexp.c.obj (.text:frexp)
                  2001fda8    0000005c     wlan_cmd.obj (.text:printAPTransitionDisableUsage)
                  2001fe04    0000005c     wlan_cmd.obj (.text:printAPTransitionEnableUsage)
                  2001fe60    0000005c     wlan_cmd.obj (.text:printAntSelectionDisableUsage)
                  2001febc    0000005c     wlan_cmd.obj (.text:printCoexDisableUsage)
                  2001ff18    0000005c     wlan_cmd.obj (.text:printConnectedStationsUsage)
                  2001ff74    0000005c     wlan_cmd.obj (.text:printSoftRoamingDisableUsage)
                  2001ffd0    0000005c     wlan_cmd.obj (.text:printTriggeredRoamingDisableUsage)
                  2002002c    0000005c     wlan_cmd.obj (.text:printWlanDisconnectUsage)
                  20020088    0000005c     wlan_cmd.obj (.text:printWlanStopApUsage)
                  200200e4    0000005c     transceiver_cmd.obj (.text:showPreambleMenu)
                  20020140    0000005c     sysbios.aem4 : BIOS.obj (.text:ti_sysbios_family_arm_m3_Timer_start__E)
                  2002019c    00000004     release_pem4.oem4 (.text:ti_sysbios_family_arm_m3_Hwi_delete)
                  200201a0    0000005c     sysbios.aem4 : BIOS.obj (.text:ti_sysbios_knl_Swi_schedule__I)
                  200201fc    00000004     release_pem4.oem4 (.text:ti_sysbios_family_arm_m3_TaskSupport_Module__startupDone__S)
                  20020200    0000005c     sysbios.aem4 : BIOS.obj (.text:ti_sysbios_knl_Task_startCore__E)
                  2002025c    00000004     release_pem4.oem4 (.text:ti_sysbios_heaps_HeapMem_Module_GateProxy_enter__E)
                  20020260    0000005c     sysbios.aem4 : BIOS.obj (.text:xdc_runtime_Startup_exec__E)
                  200202bc    00000058     driverlib.a : prcm.obj (.text:PRCMPeripheralReset)
                  20020314    00000058     drivers_cc32xx.a : PowerCC32XX.oem4 (.text:Power_releaseDependency)
                  2002036c    00000058     simplelink.a : sl_socket.obj (.text:_SlDrvClearCtrlSocket)
                  200203c4    00000058                  : driver.obj (.text:_SlFindAndReleasePendingCmd)
                  2002041c    00000058     wlan_cmd.obj (.text:printDeleteFilterUsage)
                  20020474    00000058     wlan_cmd.obj (.text:printDisableFilterUsage)
                  200204cc    00000058     wlan_cmd.obj (.text:printEnableFilterUsage)
                  20020524    00000058     simplelink.a : sl_socket.obj (.text:sl_Listen)
                  2002057c    00000004     release_pem4.oem4 (.text:ti_sysbios_heaps_HeapMem_Module_GateProxy_leave__E)
                  20020580    00000058     sysbios.aem4 : BIOS.obj (.text:ti_sysbios_family_arm_cc32xx_Seconds_getCount__I)
                  200205d8    00000056     rtsv7M4_T_le_eabi.lib : _printfi.c.obj (.text:_pconv_f)
                  2002062e    00000002     --HOLE-- [fill = 0]
                  20020630    00000054     simplelink.a : driver.obj (.text:_SlDrvRxIrqHandler)
                  20020684    00000054     rtsv7M4_T_le_eabi.lib : _ltoa.c.obj (.text:__TI_ltoa)
                  200206d8    00000054     transceiver_cmd.obj (.text:printTranceiverModeUsage)
                  2002072c    00000054     simplelink.a : netapp.obj (.text:sl_NetAppMDNSRegisterService)
                  20020780    00000054     release_pem4.oem4 (.text:ti_sysbios_family_arm_m3_Hwi_create)
                  200207d4    00000052     drivers_cc32xx.a : PowerCC32XX_asm.oem4 (.text:PowerCC32XX_resumeLPDS)
                  20020826    00000052     rtsv7M4_T_le_eabi.lib : _printfi.c.obj (.text:_ecpy)
                  20020878    00000050     simplelink.a : cc_pal.obj (.text:NwpRegisterInterruptHandler)
                  200208c8    00000050     drivers_cc32xx.a : UART2CC32XX.oem4 (.text:UART2Support_dmaStopRx)
                  20020918    00000050                      : UARTCC32XXDMA.oem4 (.text:UARTCC32XXDMA_writePolling)
                  20020968    00000050     simplelink.a : driver.obj (.text:_SlDrvCmdSend_noWait)
                  200209b8    00000050                  : driver.obj (.text:_SlDrvUpdateApiInProgress)
                  20020a08    00000050                  : spawn.obj (.text:_SlInternalSpawnTaskEntry)
                  20020a58    00000050                  : eventreg.obj (.text:_SlNetAppHttpServerHdlr)
                  20020aa8    00000050                  : eventreg.obj (.text:_SlNetAppRequestHdlr)
                  20020af8    00000050     network_terminal.obj (.text:printHelpUsage)
                  20020b48    00000050     sysbios.aem4 : BIOS.obj (.text:ti_sysbios_family_arm_m3_Hwi_Module_startup__E)
                  20020b98    00000050     release_pem4.oem4 (.text:ti_sysbios_family_arm_m3_Hwi_construct)
                  20020be8    00000050     sysbios.aem4 : BIOS.obj (.text:ti_sysbios_family_arm_m3_Timer_setPeriod__E)
                  20020c38    00000050     release_pem4.oem4 (.text:ti_sysbios_knl_Task_create)
                  20020c88    0000004e     cmd_parser.obj (.text:isChannelAt)
                  20020cd6    0000004e     drivers_cc32xx.a : UARTCC32XXDMA.oem4 (.text:writeCancel)
                  20020d24    0000004c     simplelink.a : cc_pal.obj (.text:NwpWaitForShutDownInd)
                  20020d70    0000004c     drivers_cc32xx.a : PowerCC32XX.oem4 (.text:PowerCC32XX_parkPin)
                  20020dbc    0000004c     rtsv7M4_T_le_eabi.lib : atoi.c.obj (.text:atoi)
                  20020e08    0000004c                           : atol.c.obj (.text:atol)
                  20020e54    0000004c                           : cpy_tbl.c.obj (.text:copy_in)
                  20020ea0    0000004c     drivers_cc32xx.a : PowerCC32XX.oem4 (.text:restorePeriphClocks)
                  20020eec    0000004c     simplelink.a : netapp.obj (.text:sl_NetAppMDNSUnRegisterService)
                  20020f38    0000004c                  : wlan.obj (.text:sl_WlanProfileDel)
                  20020f84    0000004c                  : wlan.obj (.text:sl_WlanSetMode)
                  20020fd0    0000004c     sysbios.aem4 : m3_TaskSupport_asm.obj (.text:ti_sysbios_family_arm_m3_TaskSupport_buildTaskStack)
                  2002101c    00000004     release_pem4.oem4 (.text:ti_sysbios_knl_Clock_TimerProxy_getMaxTicks__E)
                  20021020    0000004c     sysbios.aem4 : BIOS.obj (.text:ti_sysbios_heaps_HeapMem_getStats__E)
                  2002106c    00000004     release_pem4.oem4 (.text:ti_sysbios_knl_Clock_TimerProxy_setPeriodMicroSecs__E)
                  20021070    0000004c     sysbios.aem4 : BIOS.obj (.text:ti_sysbios_knl_Swi_runLoop__I)
                  200210bc    00000004     release_pem4.oem4 (.text:ti_sysbios_knl_Clock_TimerProxy_start__E)
                  200210c0    0000004c     sysbios.aem4 : BIOS.obj (.text:ti_sysbios_knl_Task_allBlockedFunction__I)
                  2002110c    00000004     release_pem4.oem4 (.text:ti_sysbios_knl_Clock_TimerProxy_stop__E)
                  20021110    0000004c     sysbios.aem4 : BIOS.obj (.text:ti_sysbios_knl_Task_schedule__I)
                  2002115c    0000004a     drivers_cc32xx.a : UARTCC32XXDMA.oem4 (.text:readCancel)
                  200211a6    00000002     --HOLE-- [fill = 0]
                  200211a8    00000048     driverlib.a : flash.obj (.text:FlashDisable)
                  200211f0    00000048     drivers_cc32xx.a : GPIOCC32XX.oem4 (.text:GPIO_disableInt)
                  20021238    00000048                      : GPIOCC32XX.oem4 (.text:GPIO_enableInt)
                  20021280    00000048     driverlib.a : prcm.obj (.text:PRCMLPDSEnter)
                  200212c8    00000048                 : prcm.obj (.text:PRCMPeripheralClkEnable)
                  20021310    00000048     drivers_cc32xx.a : PowerCC32XX.oem4 (.text:Power_releaseConstraint)
                  20021358    00000048     simplelink.a : eventreg.obj (.text:_SlDeviceFatalErrorEvtHdlr)
                  200213a0    00000048                  : eventreg.obj (.text:_SlDeviceGeneralEvtHdlr)
                  200213e8    00000048                  : driver.obj (.text:_SlDrvBasicCmd)
                  20021430    00000048                  : driver.obj (.text:_SlDrvSyncObjWaitTimeout)
                  20021478    00000048                  : eventreg.obj (.text:_SlNetAppEvtHdlr)
                  200214c0    00000048                  : eventreg.obj (.text:_SlNetAppRequestMemFree)
                  20021508    00000048                  : eventreg.obj (.text:_SlSockEvtHdlr)
                  20021550    00000048                  : eventreg.obj (.text:_SlWlanEvtHdlr)
                  20021598    00000048     sysbios.aem4 : BIOS.obj (.text:pthread_mutex_init)
                  200215e0    00000048     rtsv7M4_T_le_eabi.lib : fd_toi_t2.asm.obj (.text)
                  20021628    00000048     sysbios.aem4 : BIOS.obj (.text:ti_sysbios_family_arm_m3_Hwi_disableInterrupt__E)
                  20021670    00000048                  : BIOS.obj (.text:ti_sysbios_family_arm_m3_Hwi_enableInterrupt__E)
                  200216b8    00000048                  : m3_Hwi_asm_switch.obj (.text:ti_sysbios_family_arm_m3_Hwi_initStacks__E)
                  20021700    00000048                  : BIOS.obj (.text:ti_sysbios_family_arm_m3_Timer_initDevice__I)
                  20021748    00000048                  : BIOS.obj (.text:ti_sysbios_knl_Mailbox_Module_startup__E)
                  20021790    00000048                  : BIOS.obj (.text:xdc_runtime_Core_assignParams__I)
                  200217d8    00000046     drivers_cc32xx.a : RingBuf.oem4 (.text:RingBuf_put)
                  2002181e    00000002     --HOLE-- [fill = 0]
                  20021820    00000046     network_terminal.obj (.text:SimpleLinkGeneralEventHandler)
                  20021866    00000002     --HOLE-- [fill = 0]
                  20021868    00000044     driverlib.a : prcm.obj (.text:PRCMLPDSRestoreInfoSet)
                  200218ac    00000044     drivers_cc32xx.a : PowerCC32XX_asm.oem4 (.text:PowerCC32XX_enterLPDS)
                  200218f0    00000044                      : SPI.oem4 (.text:SPI_init)
                  20021934    00000044                      : UART2CC32XX.oem4 (.text:UART2Support_enableInts)
                  20021978    00000044                      : UART.oem4 (.text:UART_init)
                  200219bc    00000044     boot.aem4 : boot.oem4 (.text)
                  20021a00    00000044     network_terminal.obj (.text:printClearUsage)
                  20021a44    00000044     simplelink.a : netapp.obj (.text:sl_NetAppStart)
                  20021a88    00000044                  : netapp.obj (.text:sl_NetAppStop)
                  20021acc    00000004     release_pem4.oem4 (.text:ti_sysbios_knl_Clock_delete)
                  20021ad0    00000044     sysbios.aem4 : BIOS.obj (.text:ti_sysbios_family_arm_m3_Hwi_getStackInfo__E)
                  20021b14    00000004     release_pem4.oem4 (.text:ti_sysbios_knl_Semaphore_delete)
                  20021b18    00000044     sysbios.aem4 : BIOS.obj (.text:ti_sysbios_knl_Mailbox_postInit__I)
                  20021b5c    00000004     release_pem4.oem4 (.text:ti_sysbios_knl_Task_delete)
                  20021b60    00000044     sysbios.aem4 : BIOS.obj (.text:ti_sysbios_knl_Swi_post__E)
                  20021ba4    00000004     release_pem4.oem4 (.text:xdc_runtime_System_Module_GateProxy_enter__E)
                  20021ba8    00000044     sysbios.aem4 : BIOS.obj (.text:xdc_runtime_System_atexit__E)
                  20021bec    00000042     simplelink.a : sl_socket.obj (.text:sl_Htonl)
                  20021c2e    00000040     dpl_cc32xx.a : ClockP_tirtos.oem4 (.text:ClockP_construct)
                  20021c6e    00000002     --HOLE-- [fill = 0]
                  20021c70    00000040                  : ClockP_tirtos.oem4 (.text:ClockP_create)
                  20021cb0    00000040     simplelink.a : sl_socket.obj (.text:CountSetBits)
                  20021cf0    00000040     dpl_cc32xx.a : HwiP_tirtos.oem4 (.text:HwiP_create)
                  20021d30    00000040     driverlib.a : pin.obj (.text:PinModeSet)
                  20021d70    00000040     drivers_cc32xx.a : SPI.oem4 (.text:SPI_open)
                  20021db0    00000040                      : UART2.oem4 (.text:UART2_readFull)
                  20021df0    00000040                      : UART.oem4 (.text:UART_open)
                  20021e30    00000040                      : UDMACC32XX.oem4 (.text:UDMACC32XX_init)
                  20021e70    00000040     simplelink.a : driver.obj (.text:_SlDrvGlobalObjUnLock)
                  20021eb0    00000040                  : spawn.obj (.text:_SlInternalSpawnWaitForEvent)
                  20021ef0    00000040                  : eventreg.obj (.text:_SlIsEventRegistered)
                  20021f30    00000040     rtsv7M4_T_le_eabi.lib : strtok.c.obj (.text:strtok)
                  20021f70    00000040     sysbios.aem4 : BIOS.obj (.text:ti_sysbios_heaps_HeapMem_Instance_init__E)
                  20021fb0    00000040                  : BIOS.obj (.text:ti_sysbios_knl_Clock_Instance_init__E)
                  20021ff0    00000040     rtsv7M4_T_le_eabi.lib : vsnprintf.c.obj (.text:vsnprintf)
                  20022030    0000003e     dpl_cc32xx.a : HwiP_tirtos.oem4 (.text:HwiP_construct)
                  2002206e    0000003e     drivers_cc32xx.a : RingBuf.oem4 (.text:RingBuf_putAdvance)
                  200220ac    0000003e     simplelink.a : sl_socket.obj (.text:_SlSocketBuildAddress)
                  200220ea    0000003e     rtsv7M4_T_le_eabi.lib : _printfi.c.obj (.text:_fcpy)
                  20022128    0000003e     release_pem4.oem4 (.text:realloc)
                  20022166    00000002     --HOLE-- [fill = 0]
                  20022168    0000003e     sysbios.aem4 : BIOS.obj (.text:sem_timedwait)
                  200221a6    00000002     --HOLE-- [fill = 0]
                  200221a8    0000003c     drivers_cc32xx.a : PowerCC32XX.oem4 (.text:Power_setConstraint)
                  200221e4    0000003c     dpl_cc32xx.a : SemaphoreP_tirtos.oem4 (.text:SemaphoreP_create)
                  20022220    0000003c     drivers_cc32xx.a : UART2CC32XX.oem4 (.text:UART2Support_dmaRefreshRx)
                  2002225c    0000003c     simplelink.a : netapp.obj (.text:_SlNetAppCopyPingResultsToReport)
                  20022298    0000003c     network_terminal.obj (.text:gpioButtonFxn1)
                  200222d4    00000004     release_pem4.oem4 (.text:xdc_runtime_System_Module_GateProxy_leave__E)
                  200222d8    0000003c     sysbios.aem4 : BIOS.obj (.text:pthread_mutex_unlock)
                  20022314    0000003c     radio_tool.obj (.text:radioTool_Close)
                  20022350    0000003c     simplelink.a : sl_socket.obj (.text:sl_Htons)
                  2002238c    00000004     --HOLE-- [fill = 0]
                  20022390    0000003c     sysbios.aem4 : BIOS.obj (.text:sleep)
                  200223cc    00000004     --HOLE-- [fill = 0]
                  200223d0    0000003c                  : BIOS.obj (.text:ti_sysbios_family_arm_m3_Hwi_Instance_finalize__E)
                  2002240c    00000004     --HOLE-- [fill = 0]
                  20022410    0000003c                  : BIOS.obj (.text:ti_sysbios_family_arm_m3_Hwi_construct2__E)
                  2002244c    00000004     --HOLE-- [fill = 0]
                  20022450    0000003c                  : BIOS.obj (.text:ti_sysbios_family_arm_m3_Timer_setPeriodMicroSecs__E)
                  2002248c    0000003c     release_pem4.oem4 (.text:ti_sysbios_knl_Clock_create)
                  200224c8    0000003c     sysbios.aem4 : BIOS.obj (.text:ti_sysbios_knl_Clock_walkQueuePeriodic__E)
                  20022504    00000004     --HOLE-- [fill = 0]
                  20022508    0000003c                  : BIOS.obj (.text:ti_sysbios_knl_Swi_restore__E)
                  20022544    00000004     --HOLE-- [fill = 0]
                  20022548    0000003c                  : BIOS.obj (.text:usleep)
                  20022584    00000004     --HOLE-- [fill = 0]
                  20022588    0000003c                  : BIOS.obj (.text:xdc_runtime_System_processAtExit__E)
                  200225c4    0000003a     dpl_cc32xx.a : SemaphoreP_tirtos.oem4 (.text:SemaphoreP_construct)
                  200225fe    0000003a                  : PowerCC32XX_tirtos.oem4 (.text:getCountsRTC)
                  20022638    00000038     driverlib.a : prcm.obj (.text:PRCMLPDSEnterKeepDebugIf)
                  20022670    00000038     drivers_cc32xx.a : UART2.oem4 (.text:UART2_rxEnable)
                  200226a8    00000038                      : PowerCC32XX.oem4 (.text:notify)
                  200226e0    00000038     rtsv7M4_T_le_eabi.lib : fs_toi_t2.asm.obj (.text)
                  20022718    00000038     drivers_cc32xx.a : UARTCC32XXDMA.oem4 (.text:startTxFifoEmptyClk)
                  20022750    00000038     sysbios.aem4 : BIOS.obj (.text:ti_sysbios_knl_Task_processVitalTaskFlag__I)
                  20022788    00000036     drivers_cc32xx.a : UART2.oem4 (.text:UART2_rxDisable)
                  200227be    00000036     rtsv7M4_T_le_eabi.lib : strncpy.c.obj (.text:strncpy)
                  200227f4    00000034     driverlib.a : pin.obj (.text:PinModeGet)
                  20022828    00000034     drivers_cc32xx.a : PowerCC32XX.oem4 (.text:PowerCC32XX_restoreParkState)
                  2002285c    00000034                      : RingBuf.oem4 (.text:RingBuf_getConsume)
                  20022890    00000034                      : RingBuf.oem4 (.text:RingBuf_putPointer)
                  200228c4    00000034                      : UDMACC32XX.oem4 (.text:UDMACC32XX_close)
                  200228f8    00000034     rtsv7M4_T_le_eabi.lib : strstr.c.obj (.text:strstr)
                  2002292c    00000004     --HOLE-- [fill = 0]
                  20022930    00000034     sysbios.aem4 : BIOS.obj (.text:ti_sysbios_family_arm_m3_Timer_periodicStub__I)
                  20022964    00000034     release_pem4.oem4 (.text:ti_sysbios_knl_Semaphore_create)
                  20022998    00000034     drivers_cc32xx.a : UARTCC32XXDMA.oem4 (.text:writeFinishedDoCallback)
                  200229cc    00000032                      : UART2CC32XX.oem4 (.text:UART2Support_disableRx)
                  200229fe    00000032     radio_tool.obj (.text:radioTool_GetStats)
                  20022a30    00000032     sysbios.aem4 : BIOS.obj (.text:ti_sysbios_hal_Hwi_initStack)
                  20022a62    00000030     drivers_cc32xx.a : PowerCC32XX.oem4 (.text:PowerCC32XX_restoreParkedPin)
                  20022a92    00000002     --HOLE-- [fill = 0]
                  20022a94    00000030     driverlib.a : uart.obj (.text:UARTDisable)
                  20022ac4    00000030     rtsv7M4_T_le_eabi.lib : vsnprintf.c.obj (.text:_outs)
                  20022af4    00000004     --HOLE-- [fill = 0]
                  20022af8    00000030     sysbios.aem4 : BIOS.obj (.text:getTime$21)
                  20022b28    00000030     str.obj (.text:printBorder)
                  20022b58    00000030     release_pem4.oem4 (.text:ti_sysbios_BIOS_atExitFunc__I)
                  20022b88    00000030     release_pem4.oem4 (.text:ti_sysbios_BIOS_startFunc__I)
                  20022bb8    00000030     sysbios.aem4 : BIOS.obj (.text:ti_sysbios_family_arm_m3_TaskSupport_start__E)
                  20022be8    00000030     release_pem4.oem4 (.text:ti_sysbios_gates_GateHwi_Object__create__S)
                  20022c18    00000030     release_pem4.oem4 (.text:ti_sysbios_gates_GateMutex_Object__create__S)
                  20022c48    00000030     sysbios.aem4 : BIOS.obj (.text:ti_sysbios_gates_GateMutex_enter__E)
                  20022c78    00000030     release_pem4.oem4 (.text:ti_sysbios_heaps_HeapMem_Object__create__S)
                  20022ca8    00000030     release_pem4.oem4 (.text:ti_sysbios_knl_Clock_construct)
                  20022cd8    00000030     release_pem4.oem4 (.text:ti_sysbios_knl_Semaphore_construct)
                  20022d08    00000030     sysbios.aem4 : BIOS.obj (.text:ti_sysbios_knl_Semaphore_pendTimeout__I)
                  20022d38    00000030                  : BIOS.obj (.text:ti_sysbios_knl_Task_restore__E)
                  20022d68    00000030                  : BIOS.obj (.text:ti_sysbios_knl_Task_unblockI__E)
                  20022d98    00000030     release_pem4.oem4 (.text:ti_sysbios_rts_MemAlloc_alloc)
                  20022dc8    0000002e     cmd_parser.obj (.text:FreeStartApCmd)
                  20022df6    0000002e     cmd_parser.obj (.text:FreemDNSAdvertiseCmd)
                  20022e24    0000002e     simplelink.a : cc_pal.obj (.text:Mutex_create_handle)
                  20022e52    0000002e     rtsv7M4_T_le_eabi.lib : i_tofd_t2.asm.obj (.text)
                  20022e80    0000002c     simplelink.a : cc_pal.obj (.text:NwpPowerOn)
                  20022eac    0000002c     drivers_cc32xx.a : PowerCC32XX.oem4 (.text:PowerCC32XX_getParkState)
                  20022ed8    0000002c     dpl_cc32xx.a : SemaphoreP_tirtos.oem4 (.text:SemaphoreP_constructBinary)
                  20022f04    0000002c                  : SemaphoreP_tirtos.oem4 (.text:SemaphoreP_createBinary)
                  20022f30    0000002c     simplelink.a : driver.obj (.text:_SlDrvSyncObjWaitForever)
                  20022f5c    00000004     --HOLE-- [fill = 0]
                  20022f60    0000002c     sysbios.aem4 : BIOS.obj (.text:_pthread_cleanupFxn)
                  20022f8c    00000004     --HOLE-- [fill = 0]
                  20022f90    0000002c                  : BIOS.obj (.text:_pthread_delete$43)
                  20022fbc    00000004     --HOLE-- [fill = 0]
                  20022fc0    0000002c                  : BIOS.obj (.text:clockFxn$41)
                  20022fec    0000002c     radio_tool.obj (.text:radioTool_RxStop)
                  20023018    0000002c     sysbios.aem4 : BIOS.obj (.text:ti_sysbios_family_arm_m3_TimestampProvider_Module_startup__E)
                  20023044    0000002c     release_pem4.oem4 (.text:ti_sysbios_gates_GateHwi_Handle__label__S)
                  20023070    0000002c     release_pem4.oem4 (.text:ti_sysbios_gates_GateMutex_Handle__label__S)
                  2002309c    0000002c     release_pem4.oem4 (.text:ti_sysbios_heaps_HeapMem_Handle__label__S)
                  200230c8    0000002c     release_pem4.oem4 (.text:ti_sysbios_knl_Clock_doTick__I)
                  200230f4    0000002c     release_pem4.oem4 (.text:ti_sysbios_knl_Queue_construct)
                  20023120    0000002a     drivers_cc32xx.a : RingBuf.oem4 (.text:RingBuf_getPointer)
                  2002314a    0000002a                      : UARTCC32XXDMA.oem4 (.text:UARTCC32XXDMA_readCancel)
                  20023174    0000002a                      : UARTCC32XXDMA.oem4 (.text:UARTCC32XXDMA_writeCancel)
                  2002319e    0000002a     release_pem4.oem4 (.text:calloc)
                  200231c8    0000002a     sysbios.aem4 : BIOS.obj (.text:sem_init)
                  200231f2    0000002a     rtsv7M4_T_le_eabi.lib : strspn.c.obj (.text:strspn)
                  2002321c    00000028     driverlib.a : prcm.obj (.text:PRCMPeripheralClkDisable)
                  20023244    00000028     dpl_cc32xx.a : PowerCC32XX_tirtos.oem4 (.text:PowerCC32XX_initPolicy)
                  2002326c    00000028     drivers_cc32xx.a : PowerCC32XX.oem4 (.text:Power_registerNotify)
                  20023294    00000028     simplelink.a : driver.obj (.text:_SlDrvProtectionObjLockWaitForever)
                  200232bc    00000028                  : driver.obj (.text:_SlDrvProtectionObjUnLock)
                  200232e4    00000028                  : flowcont.obj (.text:_SlFlowContSet)
                  2002330c    00000028     sysbios.aem4 : m3_Hwi_asm.obj (.text:ti_sysbios_family_arm_m3_Hwi_excHandlerAsm__I)
                  20023334    00000004     --HOLE-- [fill = 0]
                  20023338    00000028                  : BIOS.obj (.text:ti_sysbios_knl_Clock_addI__E)
                  20023360    00000028                  : BIOS.obj (.text:ti_sysbios_knl_Swi_Module_startup__E)
                  20023388    00000028     driverlib.a : udma.obj (.text:uDMAChannelIsEnabled)
                  200233b0    00000026     drivers_cc32xx.a : List.oem4 (.text:List_put)
                  200233d6    00000026                      : List.oem4 (.text:List_remove)
                  200233fc    00000024                      : GPIOCC32XX.oem4 (.text:GPIO_clearInt)
                  20023420    00000024                      : PowerCC32XX.oem4 (.text:PowerCC32XX_reset)
                  20023444    00000024     driverlib.a : uart.obj (.text:UARTEnable)
                  20023468    00000024     simplelink.a : driver.obj (.text:_SlDrvIsApiInProgress)
                  2002348c    00000024                  : driver.obj (.text:_SlDrvStartMeasureTimeout)
                  200234b0    00000024     sysbios.aem4 : BIOS.obj (.text:pthread_attr_init)
                  200234d4    00000024     rtsv7M4_T_le_eabi.lib : u_tofs_t2.asm.obj (.text)
                  200234f8    00000024     simplelink.a : wlan.obj (.text:sl_WlanDisconnect)
                  2002351c    00000024     rtsv7M4_T_le_eabi.lib : strcspn.c.obj (.text:strcspn)
                  20023540    00000024     release_pem4.oem4 (.text:ti_sysbios_BIOS_registerRTSLock__I)
                  20023564    00000024     release_pem4.oem4 (.text:ti_sysbios_BIOS_removeRTSLock__I)
                  20023588    00000024     sysbios.aem4 : BIOS.obj (.text:ti_sysbios_family_arm_m3_Timer_postInit__I)
                  200235ac    00000004     --HOLE-- [fill = 0]
                  200235b0    00000024                  : BIOS.obj (.text:ti_sysbios_family_arm_m3_Timer_startup__E)
                  200235d4    00000024     release_pem4.oem4 (.text:ti_sysbios_gates_GateMutex_Object__delete__S)
                  200235f8    00000024     sysbios.aem4 : BIOS.obj (.text:ti_sysbios_knl_Clock_Module_startup__E)
                  2002361c    00000024     release_pem4.oem4 (.text:ti_sysbios_knl_Clock_Object__delete__S)
                  20023640    00000024     sysbios.aem4 : BIOS.obj (.text:ti_sysbios_knl_Clock_start__E)
                  20023664    00000004     --HOLE-- [fill = 0]
                  20023668    00000024                  : BIOS.obj (.text:ti_sysbios_knl_Semaphore_Instance_init__E)
                  2002368c    00000024     release_pem4.oem4 (.text:ti_sysbios_knl_Semaphore_Object__delete__S)
                  200236b0    00000024     sysbios.aem4 : BIOS.obj (.text:ti_sysbios_knl_Task_restoreHwi__E)
                  200236d4    00000004     --HOLE-- [fill = 0]
                  200236d8    00000024                  : BIOS.obj (.text:xdc_runtime_Error_policyMin__E)
                  200236fc    00000022     drivers_cc32xx.a : UART2CC32XX.oem4 (.text:UART2CC32XX_writeTimeout)
                  2002371e    00000002     --HOLE-- [fill = 0]
                  20023720    00000020                      : PowerCC32XX.oem4 (.text:Power_unregisterNotify)
                  20023740    00000020                      : UART2CC32XX.oem4 (.text:UART2CC32XX_getPowerMgrId)
                  20023760    00000020                      : UART2.oem4 (.text:UART2_read)
                  20023780    00000020                      : SPICC32XXDMA.oem4 (.text:getPowerMgrId)
                  200237a0    00000020                      : UARTCC32XXDMA.oem4 (.text:getPowerMgrId)
                  200237c0    00000020     transceiver_cmd.obj (.text:showPowMenu)
                  200237e0    00000020     release_pem4.oem4 (.text:ti_sysbios_BIOS_rtsLock__I)
                  20023800    00000020     release_pem4.oem4 (.text:ti_sysbios_family_arm_m3_Hwi_Object__delete__S)
                  20023820    00000020     sysbios.aem4 : BIOS.obj (.text:ti_sysbios_family_arm_m3_Hwi_clearInterrupt__E)
                  20023840    00000020     release_pem4.oem4 (.text:ti_sysbios_gates_GateHwi_Object__delete__S)
                  20023860    00000020     release_pem4.oem4 (.text:ti_sysbios_heaps_HeapMem_Object__delete__S)
                  20023880    00000020     release_pem4.oem4 (.text:ti_sysbios_knl_Clock_destruct)
                  200238a0    00000020     sysbios.aem4 : BIOS.obj (.text:ti_sysbios_knl_Idle_run__E)
                  200238c0    00000020     release_pem4.oem4 (.text:ti_sysbios_knl_Semaphore_destruct)
                  200238e0    00000020     release_pem4.oem4 (.text:ti_sysbios_knl_Task_Object__delete__S)
                  20023900    0000001e     simplelink.a : driver.obj (.text:_SlDrvObjLockWaitForever)
                  2002391e    0000001e                  : driver.obj (.text:_SlDrvObjUnLock)
                  2002393c    0000001e                  : driver.obj (.text:_SlDrvSyncObjSignal)
                  2002395a    0000001e     drivers_cc32xx.a : UDMACC32XX.oem4 (.text:postNotifyFxn)
                  20023978    0000001e     rtsv7M4_T_le_eabi.lib : strcat.c.obj (.text:strcat)
                  20023996    0000001e     sysbios.aem4 : m3_Hwi_asm_switch.obj (.text:ti_sysbios_family_xxx_Hwi_switchAndRunFunc)
                  200239b4    0000001c     drivers_cc32xx.a : GPIO.oem4 (.text:GPIO_setCallback)
                  200239d0    0000001c     uart_term.obj (.text:Message)
                  200239ec    0000001c     driverlib.a : pin.obj (.text:PinToPadGet)
                  20023a08    0000001c     simplelink.a : device.obj (.text:_SlDeviceGetStartResponseConvert)
                  20023a24    0000001c                  : spawn.obj (.text:_SlInternalIsItSpawnThread)
                  20023a40    0000001c     rtsv7M4_T_le_eabi.lib : memccpy.c.obj (.text:memccpy)
                  20023a5c    0000001c     release_pem4.oem4 (.text:ti_sysbios_family_arm_m3_Hwi_destruct)
                  20023a78    0000001c     sysbios.aem4 : BIOS.obj (.text:ti_sysbios_family_arm_m3_Hwi_excHandler__I)
                  20023a94    00000004     --HOLE-- [fill = 0]
                  20023a98    0000001c                  : BIOS.obj (.text:ti_sysbios_family_arm_m3_Timer_Module_startup__E)
                  20023ab4    00000004     --HOLE-- [fill = 0]
                  20023ab8    0000001c                  : BIOS.obj (.text:ti_sysbios_family_arm_m3_Timer_stop__E)
                  20023ad4    00000004     --HOLE-- [fill = 0]
                  20023ad8    0000001c                  : BIOS.obj (.text:ti_sysbios_gates_GateMutex_Instance_init__E)
                  20023af4    00000004     --HOLE-- [fill = 0]
                  20023af8    0000001c                  : BIOS.obj (.text:ti_sysbios_knl_Clock_Instance_finalize__E)
                  20023b14    0000001c     release_pem4.oem4 (.text:ti_sysbios_knl_Queue_destruct)
                  20023b30    0000001c     sysbios.aem4 : BIOS.obj (.text:ti_sysbios_knl_Queue_put__E)
                  20023b4c    00000004     --HOLE-- [fill = 0]
                  20023b50    0000001c                  : BIOS.obj (.text:ti_sysbios_knl_Task_enter__I)
                  20023b6c    00000004     --HOLE-- [fill = 0]
                  20023b70    0000001c                  : BIOS.obj (.text:ti_sysbios_rts_ti_ReentSupport_getReent__F)
                  20023b8c    0000001a     cmd_parser.obj (.text:FreePingCmd)
                  20023ba6    0000001a     cmd_parser.obj (.text:FreeRecvCmd)
                  20023bc0    0000001a     cmd_parser.obj (.text:FreeSendCmd)
                  20023bda    0000001a     release_pem4.oem4 (.text:free)
                  20023bf4    0000001a     sysbios.aem4 : m3_Hwi_asm.obj (.text:ti_sysbios_family_arm_m3_Hwi_pendSV__I)
                  20023c0e    00000002     --HOLE-- [fill = 0]
                  20023c10    00000018     drivers_cc32xx.a : PowerCC32XX.oem4 (.text:Power_getTransitionLatency)
                  20023c28    00000018                      : PowerCC32XX.oem4 (.text:Power_idleFunc)
                  20023c40    00000018                      : UART2.oem4 (.text:UART2_Params_init)
                  20023c58    00000018     driverlib.a : uart.obj (.text:UARTBusy)
                  20023c70    00000018                 : uart.obj (.text:UARTDMADisable)
                  20023c88    00000018                 : uart.obj (.text:UARTIntDisable)
                  20023ca0    00000018                 : uart.obj (.text:UARTIntEnable)
                  20023cb8    00000018     drivers_cc32xx.a : UART.oem4 (.text:UART_Params_init)
                  20023cd0    00000018     rtsv7M4_T_le_eabi.lib : args_main.c.obj (.text:_args_main)
                  20023ce8    00000018                           : vsnprintf.c.obj (.text:_outc)
                  20023d00    00000018     uart_term.obj (.text:getch)
                  20023d18    00000018     uart_term.obj (.text:putch)
                  20023d30    00000018     rtsv7M4_T_le_eabi.lib : ll_mul_t2.asm.obj (.text)
                  20023d48    00000018                           : strcmp.c.obj (.text:strcmp)
                  20023d60    00000018     release_pem4.oem4 (.text:ti_sysbios_BIOS_rtsUnlock__I)
                  20023d78    00000018     release_pem4.oem4 (.text:ti_sysbios_family_arm_m3_Hwi_Module__startupDone__F)
                  20023d90    00000018     release_pem4.oem4 (.text:ti_sysbios_family_arm_m3_Timer_Module__startupDone__F)
                  20023da8    00000018     sysbios.aem4 : BIOS.obj (.text:ti_sysbios_gates_GateMutex_leave__E)
                  20023dc0    00000018                  : BIOS.obj (.text:ti_sysbios_knl_Task_sleepTimeout__I)
                  20023dd8    00000018     release_pem4.oem4 (.text:ti_sysbios_rts_ti_ReentSupport_getTlsAddr__I)
                  20023df0    00000018     sysbios.aem4 : BIOS.obj (.text:xdc_runtime_Error_init__E)
                  20023e08    00000018                  : BIOS.obj (.text:xdc_runtime_System_exit__E)
                  20023e20    00000016     driverlib.a : prcm.obj (.text:PRCMHIBRegRead)
                  20023e36    00000016                 : prcm.obj (.text:PRCMHIBRegWrite)
                  20023e4c    00000016     simplelink.a : driver.obj (.text:_SlDrvMemZero)
                  20023e62    00000006     drivers_cc32xx.a : SPICC32XXDMA.oem4 (.text:SPICC32XXDMA_control)
                  20023e68    00000016     sysbios.aem4 : BIOS.obj (.text:pthread_mutex_destroy)
                  20023e7e    00000016     rtsv7M4_T_le_eabi.lib : strchr.c.obj (.text:strchr)
                  20023e94    00000016     release_pem4.oem4 (.text:ti_sysbios_BIOS_exitFunc__I)
                  20023eaa    00000014     ti_drivers_config.obj (.text:Board_init)
                  20023ebe    00000002     --HOLE-- [fill = 0]
                  20023ec0    00000014     drivers_cc32xx.a : PowerCC32XX.oem4 (.text:PowerCC32XX_getWakeup)
                  20023ed4    00000014                      : PowerCC32XX.oem4 (.text:Power_disablePolicy)
                  20023ee8    00000014                      : PowerCC32XX.oem4 (.text:Power_getDependencyCount)
                  20023efc    00000014                      : SPI.oem4 (.text:SPI_Params_init)
                  20023f10    00000014     sysbios.aem4 : BIOS.obj (.text:pthread_attr_setschedparam)
                  20023f24    00000014     rtsv7M4_T_le_eabi.lib : strcpy.c.obj (.text:strcpy)
                  20023f38    00000014                           : strlen.c.obj (.text:strlen)
                  20023f4c    00000014     release_pem4.oem4 (.text:ti_sysbios_family_arm_m3_Hwi_Object__get__S)
                  20023f60    00000014     sysbios.aem4 : BIOS.obj (.text:ti_sysbios_family_arm_m3_Hwi_switchFromBootStack__E)
                  20023f74    00000014     release_pem4.oem4 (.text:ti_sysbios_heaps_HeapMem_Object__get__S)
                  20023f88    00000014     sysbios.aem4 : BIOS.obj (.text:ti_sysbios_knl_Clock_tickReconfig__E)
                  20023f9c    00000014     release_pem4.oem4 (.text:ti_sysbios_knl_Swi_Object__get__S)
                  20023fb0    00000012     uart_term.obj (.text:ClearTerm)
                  20023fc2    00000012     drivers_cc32xx.a : RingBuf.oem4 (.text:RingBuf_construct)
                  20023fd4    00000012     dpl_cc32xx.a : SemaphoreP_tirtos.oem4 (.text:SemaphoreP_pend)
                  20023fe6    00000012     driverlib.a : uart.obj (.text:UARTIntClear)
                  20023ff8    00000012                 : uart.obj (.text:UARTRxErrorGet)
                  2002400a    00000006     drivers_cc32xx.a : UART2CC32XX.oem4 (.text:UART2Support_powerRelConstraint)
                  20024010    00000012     sysbios.aem4 : BIOS.obj (.text:_pthread_runStub$43)
                  20024022    00000006     drivers_cc32xx.a : UART2CC32XX.oem4 (.text:UART2Support_powerSetConstraint)
                  20024028    00000012     sysbios.aem4 : BIOS.obj (.text:ti_sysbios_hal_Hwi_Module_startup__E)
                  2002403a    00000012     rtsv7M4_T_le_eabi.lib : wcslen.c.obj (.text:wcslen)
                  2002404c    00000012     release_pem4.oem4 (.text:xdc_runtime_Startup_exec__I)
                  2002405e    00000010     dpl_cc32xx.a : HwiP_tirtos.oem4 (.text:HwiP_Params_init)
                  2002406e    00000002     --HOLE-- [fill = 0]
                  20024070    00000010     drivers_cc32xx.a : PowerCC32XX.oem4 (.text:Power_enablePolicy)
                  20024080    00000010                      : UART2CC32XX.oem4 (.text:UART2CC32XX_readTimeout)
                  20024090    00000010                      : UART2CC32XX.oem4 (.text:UART2Support_rxStatus2ErrorCode)
                  200240a0    00000010     simplelink.a : driver.obj (.text:_SlDrvDispatchHttpServerEvents)
                  200240b0    00000010                  : driver.obj (.text:_SlDrvDispatchNetAppRequestEvents)
                  200240c0    00000010                  : driver.obj (.text:_SlDrvIsSpawnOwnGlobalLock)
                  200240d0    00000010     ti_drivers_config.obj (.text:dmaErrorFxn)
                  200240e0    00000010     sysbios.aem4 : BIOS.obj (.text:pthread_mutexattr_init)
                  200240f0    00000010                  : BIOS.obj (.text:pthread_mutexattr_settype)
                  20024100    00000010                  : BIOS.obj (.text:ti_sysbios_BIOS_getCpuFreq__E)
                  20024110    00000010                  : BIOS.obj (.text:ti_sysbios_BIOS_setThreadType__E)
                  20024120    00000010                  : BIOS.obj (.text:ti_sysbios_BIOS_start__E)
                  20024130    00000010                  : m3_TaskSupport_asm.obj (.text:ti_sysbios_family_arm_m3_TaskSupport_glue)
                  20024140    00000010                  : m3_TaskSupport_asm.obj (.text:ti_sysbios_family_arm_m3_TaskSupport_swap__E)
                  20024150    00000010                  : BIOS.obj (.text:ti_sysbios_gates_GateMutex_Instance_finalize__E)
                  20024160    00000010     release_pem4.oem4 (.text:ti_sysbios_knl_Mailbox_Object__get__S)
                  20024170    00000010     sysbios.aem4 : BIOS.obj (.text:ti_sysbios_knl_Semaphore_Instance_finalize__E)
                  20024180    00000010                  : BIOS.obj (.text:ti_sysbios_knl_Swi_disable__E)
                  20024190    00000010     release_pem4.oem4 (.text:ti_sysbios_knl_Task_Object__get__S)
                  200241a0    00000010     sysbios.aem4 : BIOS.obj (.text:ti_sysbios_knl_Task_disable__E)
                  200241b0    00000010                  : BIOS.obj (.text:xdc_runtime_Memory_free__E)
                  200241c0    00000010                  : BIOS.obj (.text:xdc_runtime_SysCallback_abort__E)
                  200241d0    00000010                  : BIOS.obj (.text:xdc_runtime_SysCallback_exit__E)
                  200241e0    0000000e     simplelink.a : driver.obj (.text:_SlDrvResetCmdExt)
                  200241ee    0000000e     rtsv7M4_T_le_eabi.lib : copy_decompress_none.c.obj (.text:decompress:none:__TI_decompress_none)
                  200241fc    0000000e     drivers_cc32xx.a : SPICC32XXDMA.oem4 (.text:postNotifyFxn)
                  2002420a    00000006     driverlib.a : utils.obj (.text:UtilsDelay)
                  20024210    0000000e     sysbios.aem4 : BIOS.obj (.text:pthread_attr_setdetachstate)
                  2002421e    00000002     --HOLE-- [fill = 0]
                  20024220    0000000e                  : BIOS.obj (.text:sem_wait)
                  2002422e    0000000e     simplelink.a : cc_pal.obj (.text:spi_Close)
                  2002423c    00000004     --HOLE-- [fill = 0]
                  20024240    0000000e     sysbios.aem4 : BIOS.obj (.text:ti_sysbios_knl_Idle_loop__E)
                  2002424e    00000002     --HOLE-- [fill = 0]
                  20024250    0000000e                  : BIOS.obj (.text:ti_sysbios_knl_Queue_empty__E)
                  2002425e    0000000c     dpl_cc32xx.a : ClockP_tirtos.oem4 (.text:ClockP_delete)
                  2002426a    00000002     --HOLE-- [fill = 0]
                  2002426c    0000000c                  : ClockP_tirtos.oem4 (.text:ClockP_getSystemTickPeriod)
                  20024278    0000000c                  : HwiP_tirtos.oem4 (.text:HwiP_delete)
                  20024284    0000000c     simplelink.a : cc_pal.obj (.text:NwpMaskInterrupt)
                  20024290    0000000c                  : cc_pal.obj (.text:NwpUnMaskInterrupt)
                  2002429c    0000000c     drivers_cc32xx.a : PowerCC32XX.oem4 (.text:Power_getConstraintMask)
                  200242a8    0000000c     dpl_cc32xx.a : SemaphoreP_tirtos.oem4 (.text:SemaphoreP_delete)
                  200242b4    0000000c     network_terminal.obj (.text:SimpleLinkHttpServerEventHandler)
                  200242c0    0000000c     network_terminal.obj (.text:SimpleLinkNetAppRequestEventHandler)
                  200242cc    0000000c     drivers_cc32xx.a : UART2CC32XX.oem4 (.text:UART2CC32XX_postNotifyFxn)
                  200242d8    0000000c                      : UART2CC32XX.oem4 (.text:UART2Support_enableRx)
                  200242e4    0000000c     simplelink.a : device.obj (.text:_SlDeviceResetRequestInitCompletedCB)
                  200242f0    0000000c     rtsv7M4_T_le_eabi.lib : _lock.c.obj (.text:_register_lock)
                  200242fc    0000000c                           : _lock.c.obj (.text:_register_unlock)
                  20024308    0000000c     network_terminal.obj (.text:cmdClearcallback)
                  20024314    0000000c     rtsv7M4_T_le_eabi.lib : s_copysign.c.obj (.text:copysign)
                  20024320    0000000c                           : copy_zero_init.c.obj (.text:decompress:ZI:__TI_zero_init)
                  2002432c    0000000c     drivers_cc32xx.a : UARTCC32XXDMA.oem4 (.text:postNotifyFxn)
                  20024338    0000000c     sysbios.aem4 : BIOS.obj (.text:pthread_self)
                  20024344    0000000c     release_pem4.oem4 (.text:ti_sysbios_family_arm_m3_Hwi_Params__init__S)
                  20024350    0000000c     sysbios.aem4 : BIOS.obj (.text:ti_sysbios_family_arm_m3_Hwi_disableFxn__E)
                  2002435c    00000004     --HOLE-- [fill = 0]
                  20024360    0000000c                  : BIOS.obj (.text:ti_sysbios_family_arm_m3_TaskSupport_getStackAlignment__E)
                  2002436c    00000004     --HOLE-- [fill = 0]
                  20024370    0000000c                  : BIOS.obj (.text:ti_sysbios_gates_GateHwi_enter__E)
                  2002437c    0000000c     release_pem4.oem4 (.text:ti_sysbios_knl_Clock_Params__init__S)
                  20024388    0000000c     sysbios.aem4 : BIOS.obj (.text:ti_sysbios_knl_Clock_getTicks__E)
                  20024394    00000004     --HOLE-- [fill = 0]
                  20024398    0000000c                  : BIOS.obj (.text:ti_sysbios_knl_Clock_setTicks__E)
                  200243a4    00000004     --HOLE-- [fill = 0]
                  200243a8    0000000c                  : BIOS.obj (.text:ti_sysbios_knl_Clock_tickStart__E)
                  200243b4    00000004     --HOLE-- [fill = 0]
                  200243b8    0000000c                  : BIOS.obj (.text:ti_sysbios_knl_Clock_tickStop__E)
                  200243c4    0000000c     release_pem4.oem4 (.text:ti_sysbios_knl_Queue_Object__get__S)
[...]
20033fd4  Txtask_m15_optionDetailsStr                                     
20033fd8  Txtask_m16_optionDetailsStr                                     
20033fdc  Txtask_m17_optionDetailsStr                                     
20033fe0  Txtask_m18_optionDetailsStr                                     
20033fe4  Txtask_m19_optionDetailsStr                                     
20033fe8  Txtask_m20_optionDetailsStr                                     
20033fec  Txtask_m21_optionDetailsStr                                     
20033ff0  Txtask_txp_optionDetailsStr                                     
20033ff4  Txtask_txp0_optionDetailsStr                                    
20033ff8  Txtask_p_optionDetailsStr                                       
20033ffc  Txtask_p0_optionDetailsStr                                      
20034000  Txtask_p1_optionDetailsStr                                      
20034004  Txtask_p2_optionDetailsStr                                      
20034008  Txtask_p3_optionDetailsStr                                      
2003400c  Txtask_p4_optionDetailsStr                                      
20034010  Txtask_tone_optionDetailsStr                                    
20034014  Txtask_d_optionDetailsStr                                       
20034018  Txtask_dp_optionDetailsStr                                      
2003401c  Txtask_dp0_optionDetailsStr                                     
20034020  Txtask_dp1_optionDetailsStr                                     
20034024  Txtask_dp2_optionDetailsStr                                     
20034028  Txtask_dp3_optionDetailsStr                                     
2003402c  Txtask_cca_optionDetailsStr                                     
20034030  Txtask_s_optionDetailsStr                                       
20034034  Txtask_a_optionDetailsStr                                       
20034038  cca_th_optionDetailStr                                          
2003403c  cca_th1_optionDetailStr                                         
20034040  cca_th2_optionDetailStr                                         
20034044  cca_th3_optionDetailStr                                         
20034048  cca_th4_optionDetailStr                                         
2003404c  cca_th5_optionDetailStr                                         
20034050  cca_th6_optionDetailStr                                         
20034054  RxtaskDetailsStr                                                
20034058  Rxtask_c_optionDetailsStr                                       
2003405c  Rxtask_d_optionDetailsStr                                       
20034060  Rxtask_s_optionDetailsStr                                       
20034064  p2pStartDetailsStr                                              
20034068  p2pStopDetailsStr                                               
2003406c  SoftRoamingEnableDetailsStr                                     
20034070  SoftRoamingEnable_r_optionDetailsStr                            
20034074  SoftRoamingEnable_Note_optionDetailsStr                         
20034078  SoftRoamingDisableDetailsStr                                    
2003407c  AntSelectionEnableDetailsStr                                    
20034080  AntSelectionEnable_Note_optionDetailsStr                        
20034084  AntSelectionDisableDetailsStr                                   
20034088  CoexEnableDetailsStr                                            
2003408c  CoexEnable_Note_optionDetailsStr                                
20034090  CoexDisableDetailsStr                                           
20034094  CountryCodeDetailsStr                                           
20034098  CountryCode_g_optionDetailsStr                                  
2003409c  CountryCode_Note_optionDetailsStr                               
200340a0  wlanAddProfileDetailsStr                                        
200340a4  wlanProfile_mac_optionDetailsStr                                
200340a8  wlanProfile_pr_optionDetailsStr                                 
200340ac  wlanGetProfileDetailsStr                                        
200340b0  wlanProfile_i_optionDetailsStr                                  
200340b4  TriggeredRoamingEnableDetailsStr                                
200340b8  TriggeredRoaming_r_optionDetailsStr                             
200340bc  TriggeredRoamingDisableDetailsStr                               
200340c0  APTransitionEnableDetailsStr                                    
200340c4  APTransitionDisableDetailsStr                                   
200340c8  gCmdList                                                        
2003426c  PowerCC32XX_module                                              
200343d8  parkInfo                                                        
200344d0  ap_start_UsageStr                                               
20034664  wlanConnectUsageStr                                             
200346fb  createFilterUsageStr                                            
20034788  addProfileUsageStr                                              
20034811  mDNSAdvertiseUsageStr                                           
20034898  gpioPinConfigs                                                  
2003491c  setPolicyUsageStr                                               
200349a0  ti_sysbios_knl_Swi_Module_State_0_readyQ__A                     
20034a20  ti_sysbios_knl_Task_Module_State_0_readyQ__A                    
20034aa0  send_c_optionDetailsStr                                         
20034b1a  pingUsageStr                                                    
20034b8a  recv_Note_optionDetailsStr                                      
20034be8  sendUsage1Str                                                   
20034c45  mDNSdQueryUsageStr                                              
20034c9c  sendUsage2Str                                                   
20034cec  ti_sysbios_knl_Task_Object__table__V                            
20034d38  enableWoWLANUsageStr                                            
20034d80  ti_sysbios_knl_Task_Module__state__V                            
20034dc4  DataFrames_str                                                  
20034e04  radiotoolDetailsStr                                             
20034e40  send_p_optionDetailsStr                                         
20034e7b  send_nb_optionDetailsStr                                        
20034eb4  send_n_optionDetailsStr                                         
20034eec  ti_sysbios_gates_GateMutex_Object__table__V                     
20034f24  send_n_r_optionDetailsStr                                       
20034f5c  ti_sysbios_family_arm_m3_Hwi_Module__state__V                   
20034f90  MangmentFrames_str                                              
20034fc0  ti_sysbios_family_arm_m3_Timer_Object__table__V                 
20034ff0  ti_sysbios_knl_Swi_Object__table__V                             
20035020  scanUsageStr                                                    
2003504d  V_optionStr                                                     
20035050  ti_sysbios_knl_Clock_Module__state__V                           
2003507c  SetCountryCodeUsageStr                                          
200350a0  g_LibsEvents                                                    
200350c4  g_UserEvents                                                    
200350e8  ti_sysbios_BIOS_Module__state__V                                
2003510c  send_6_optionDetailsStr                                         
2003512e  TriggeredRoamingEnableUsageStr                                  
20035150  CtrlFrames_str                                                  
20035170  send_u_optionDetailsStr                                         
20035190  xdc_runtime_Error_IgnoreBlock                                   
200351b0  SoftRoamingEnableUsageStr                                       
200351ce  space_str                                                       
200351d0  ti_sysbios_knl_Swi_Module__state__V                             
200351ec  getProfileUsageStr                                              
20035207  send_s_optionDetailsStr                                         
20035222  Template_Hdr                                                    
2003523c  ti_sysbios_family_arm_m3_Hwi_Object__table__V                   
20035254  ti_sysbios_heaps_HeapMem_Object__table__V                       
2003526c  APTransitionDisablecmdStr                                       
20035280  AntSelectionDisablecmdStr                                       
20035294  ti_sysbios_family_arm_cc32xx_Seconds_Module__state__V           
200352a8  APTransitionEnablecmdStr                                        
200352bb  AntSelectionEnablecmdStr                                        
200352ce  ConnectedStationsStr                                            
200352e1  SoftRoamingDisablecmdStr                                        
200352f4  TriggeredRoamingDisablecmdStr                                   
20035307  helpUsageStr                                                    
2003531a  SoftRoamingEnablecmdStr                                         
2003532c  TriggeredRoamingEnablecmdStr                                    
2003533e  radiotool_PromptStr                                             
20035350  DataFrames                                                      
20035370  wlanDisconnectStr                                               
2003537f  FRAME_SUBTYPE_str                                               
2003538d  ap_start_str                                                    
2003539b  disableFilterStr                                                
200353a9  mDNSAdvertiseStr                                                
200353b7  ap_stop_str                                                     
200353c4  createFilterStr                                                 
200353d1  deleteFilterStr                                                 
200353de  enableFilterStr                                                 
200353eb  enableWoWLANStr                                                 
200353f8  AntSelectionEnableUsageStr                                      
20035404  CoexDisablecmdStr                                               
20035410  CoexEnableUsageStr                                              
2003541c  ConnectedStationsUsageStr                                       
20035428  MgmtFrames                                                      
20035434  SetCountryCodeStr                                               
20035440  ap_stop_UsageStr                                                
2003544c  gGlobalLockCntRequested                                         
2003544d  gGlobalLockCntReleased                                          
2003544e  g_SlDeviceStatus                                                
20035450  g_pCB                                                           
20035454  pPingCallBackFunc                                               
20035458  ti_sysbios_family_arm_m3_Timer_Module__state__V                 
20035464  wlanConnectStr                                                  
20035470  wlanDisconnectUsageStr                                          
2003547c  AddProfileStr                                                   
20035487  CoexEnablecmdStr                                                
20035492  FRAME_TYPE_str                                                  
2003549d  GetProfileStr                                                   
200354a8  usageStr                                                        
200354b3  APTransitionDisableUsageStr                                     
200354bd  APTransitionEnableUsageStr                                      
200354c7  AntSelectionDisableUsageStr                                     
200354d1  CoexDisableUsageStr                                             
200354db  SoftRoamingDisableUsageStr                                      
200354e5  TriggeredRoamingDisableUsageStr                                 
200354ef  WPA2_PLUS_str                                                   
200354f9  mDNSQueryStr                                                    
20035503  radiotool_Str                                                   
2003550d  setPolicyStr                                                    
20035517  WPAWPA2_str                                                     
20035520  p2pStartcmdStr                                                  
20035529  a_optionStr                                                     
2003552c  _lock                                                           
20035530  _unlock                                                         
20035534  CtrlFrames                                                      
2003553c  PATTERN_str                                                     
2003554c  gMaxCmd                                                         
20035550  gSpawn_thread                                                   
20035554  p2pStopcmdStr                                                   
2003555c  ii                                                              
20035560  Single_Val                                                      
20035564  ti_sysbios_family_arm_m3_Hwi_Module__root__V                    
2003556c  ti_sysbios_gates_GateHwi_Module__root__V                        
20035574  ti_sysbios_gates_GateMutex_Module__root__V                      
2003557c  ti_sysbios_heaps_HeapMem_Module__root__V                        
20035584  ti_sysbios_knl_Clock_Module__root__V                            
2003558c  ti_sysbios_knl_Queue_Module__root__V                            
20035594  ti_sysbios_knl_Semaphore_Module__root__V                        
2003559c  ti_sysbios_knl_Task_Module__root__V                             
200355a4  xdc_runtime_Startup_Module__state__V                            
200355ac  xdc_runtime_System_Module_State_0_atexitHandlers__A             
200355b4  xdc_runtime_System_Module__state__V                             
200355bc  BSSID_str                                                       
200355c2  DESTINATION_MAC_str                                             
200355c8  SOURCE_MAC_str                                                  
200355ce  clearStr                                                        
200355d4  cmdPromptStr                                                    
200355da  help_optionStr                                                  
200355e0  D_IP_str                                                        
200355e5  OPEN_str                                                        
200355ea  S_IP_str                                                        
200355ef  WPA2_str                                                        
200355f4  WPA3_str                                                        
200355f9  dns_optionStr                                                   
200355fe  ent_optionStr                                                   
20035603  helpStr                                                         
20035608  mac_optionStr                                                   
2003560d  pingStr                                                         
20035612  recvStr                                                         
20035617  scanStr                                                         
2003561c  sendStr                                                         
20035621  ttl_optionStr                                                   
20035626  txpow_optionStr                                                 
2003562b  WEP_str                                                         
2003562f  WPA_str                                                         
20035633  WPS_str                                                         
20035637  ext_optionStr                                                   
2003563b  gw_optionStr                                                    
2003563f  ip_optionStr                                                    
20035643  nb_optionStr                                                    
20035647  priority_optionStr                                              
2003564c  main_func_sp                                                    
20035654  g_intHandle                                                     
20035658  so_optionStr                                                    
2003565c  st_optionStr                                                    
20035660  ti_sysbios_family_arm_m3_Hwi_Module_State_0_excContext__A       
20035664  ti_sysbios_family_arm_m3_Hwi_Module_State_0_excStack__A         
20035668  ti_sysbios_family_arm_m3_TimestampProvider_Module__state__V     
2003566c  ti_sysbios_gates_GateHwi_Object__table__V                       
20035670  ti_sysbios_knl_Task_Module_State_0_idleTask__A                  
20035674  ti_sysbios_rts_ti_ReentSupport_Module__state__V                 
20035678  xdc_runtime_Memory_Module__state__V                             
2003567c  c_optionStr                                                     
2003567f  d_optionStr                                                     
20035682  e_optionStr                                                     
20035685  f_optionStr                                                     
20035688  g_optionStr                                                     
2003568b  h_optionStr                                                     
2003568e  i_optionStr                                                     
20035691  l_optionStr                                                     
20035694  lineBreak                                                       
20035697  m_optionStr                                                     
2003569a  n_optionStr                                                     
2003569d  o_optionStr                                                     
200356a0  p_optionStr                                                     
200356a3  r_optionStr                                                     
200356a6  s_optionStr                                                     
200356a9  t_optionStr                                                     
200356ac  u_optionStr                                                     
200356af  v_optionStr                                                     
200356b2  ti_sysbios_family_arm_m3_Hwi_Module_State_0_excActive__A        
200356b4  gSaveCursorPosition                                             
200356b5  gStackFull                                                      
200356b8  __TI_static_base__                                              
200363fc  __TI_Handler_Table_Base                                         
20036408  __TI_Handler_Table_Limit                                        
20036418  __TI_CINIT_Base                                                 
20036430  __TI_CINIT_Limit                                                
e000e000  ti_sysbios_family_arm_m3_Hwi_nvic                               
ffffffff  __TI_pprof_out_hndl                                             
ffffffff  __TI_prof_data_size                                             
ffffffff  __TI_prof_data_start                                            
ffffffff  __binit__                                                       
ffffffff  __c_args__                                                      
ffffffff  binit                                                           
UNDEFED   ITM_flush                                                       
UNDEFED   ITM_restore                                                     
UNDEFED   SHT$$INIT_ARRAY$$Base                                           
UNDEFED   SHT$$INIT_ARRAY$$Limit                                          

[1325 symbols]
