******************************************************************************
                  TI ARM Linker PC v20.2.7                     
******************************************************************************
>> Linked Sun Dec 25 22:13:32 2022

OUTPUT FILE NAME:   <network_terminal_CC3235S_LAUNCHXL_tirtos_ccs.out>
ENTRY POINT SYMBOL: "_c_int00"  address: 200217e9


MEMORY CONFIGURATION

         name            origin    length      used     unused   attr    fill
----------------------  --------  ---------  --------  --------  ----  --------
  SRAM0                 20000000   00004000  0000070c  000038f4  RW X
  SRAM                  20004000   0003c000  00031ea6  0000a15a  RW X
  LOG_DATA              90000000   00040000  00000000  00040000  R   


SEGMENT ALLOCATION MAP

run origin  load origin   length   init length attrs members
----------  ----------- ---------- ----------- ----- -------
20000000    20000000    0000030c   00000000    rw-
  20000000    20000000    0000030c   00000000    rw- .vecs
20003c00    20003c00    00000400   00000000    rw-
  20003c00    20003c00    00000400   00000000    rw- .stack
20004000    20004000    00028338   00020332    r-x
  20004000    20004000    0000030c   0000030c    r-- .resetVecs
  20004310    20004310    00020022   00020022    r-x .text
  20024338    20024338    00008000   00000000    r-- .priheap
2002c400    2002c400    00003d4b   00000000    rw-
  2002c400    2002c400    00003d4b   00000000    rw- .bss
2003014c    2003014c    0000385f   0000385f    r--
  2003014c    2003014c    0000385f   0000385f    r-- .const
200339ac    200339ac    00001866   00000000    rw-
  200339ac    200339ac    00001866   00000000    rw- .data
20035218    20035218    00000d68   00000d68    r--
  20035218    20035218    00000d68   00000d68    r-- .cinit


SECTION ALLOCATION MAP

 output                                  attributes/
section   page    origin      length       input sections
--------  ----  ----------  ----------   ----------------
.resetVecs 
*          0    20004000    0000030c     
                  20004000    0000030c     release_pem4.oem4 (.resetVecs)

.text      0    20004310    00020022     
                  20004310    000012f6     transceiver_cmd.obj (.text:TxTask)
                  20005606    00000002     ti_drivers_config.obj (.text:Board_initHook)
                  20005608    00000ca0     cmd_parser.obj (.text:ParseCreateFilterCmd)
                  200062a8    00000a4e     rtsv7M4_T_le_eabi.lib : _printfi.c.obj (.text:__TI_printfi)
                  20006cf6    00000002     drivers_cc32xx.a : UART2CC32XX.oem4 (.text:UART2CC32XX_eventCallback)
                  20006cf8    000008e8     simplelink.a : driver.obj (.text:_SlDrvMsgRead)
                  200075e0    000007c4     network_terminal.obj (.text:SimpleLinkWlanEventHandler)
                  20007da4    00000678     socket_cmd.obj (.text:TCPClient)
                  2000841c    00000658     cmd_parser.obj (.text:ParseStartApCmd)
                  20008a74    0000061c     socket_cmd.obj (.text:drawRxHist)
                  20009090    00000578     cmd_parser.obj (.text:ParseRecvCmd)
                  20009608    0000050c     transceiver_cmd.obj (.text:RxTask)
                  20009b14    000004f0     cmd_parser.obj (.text:ParseSendCmd)
                  2000a004    000004bc     simplelink.a : sl_socket.obj (.text:_SlSocketHandleAsync_Select)
                  2000a4c0    000004a8     cmd_parser.obj (.text:ParseProfileCmd)
                  2000a968    0000048c     cmd_parser.obj (.text:ParseConnectCmd)
                  2000adf4    0000047c     socket_cmd.obj (.text:TCPServer)
                  2000b270    00000478     netapp_cmd.obj (.text:mDNSQueryCallback)
                  2000b6e8    00000474     socket_cmd.obj (.text:UDPServer)
                  2000bb5c    0000042c     driverlib.a : prcm.obj (.text:PRCMCC3200MCUInit)
                  2000bf88    000003f4     cmd_parser.obj (.text:ParsePingCmd)
                  2000c37c    000003f3     socket_cmd.obj (.text:UDPClient)
                  2000c76f    00000001     --HOLE-- [fill = 0]
                  2000c770    000003e8     wlan_cmd.obj (.text:cmdWlanConnectCallback)
                  2000cb58    000003ac     wlan_cmd.obj (.text:cmdWlanStartApCallback)
                  2000cf04    0000039c     wlan_cmd.obj (.text:printExtScanResults)
                  2000d2a0    00000384     simplelink.a : driver.obj (.text:_SlDrvMsgWrite)
                  2000d624    00000334     radio_tool.obj (.text:radioTool_TxStart)
                  2000d958    00000320     wlan_cmd.obj (.text:cmdWlanStopApCallback)
                  2000dc78    00000320     wlan_cmd.obj (.text:setP2Pparams)
                  2000df98    0000031c     simplelink.a : driver.obj (.text:_SlDrvReleasePoolObj)
                  2000e2b4    00000310     network_terminal.obj (.text:DisplayAppBanner)
                  2000e5c4    0000030c     wlan_cmd.obj (.text:cmdEnableWoWLANCallback)
                  2000e8d0    00000308     network_terminal.obj (.text:SimpleLinkNetAppEventHandler)
                  2000ebd8    000002e0     simplelink.a : driver.obj (.text:_SlDrvWaitForPoolObj)
                  2000eeb8    000002d8                  : driver.obj (.text:_SlDrvRxHdrRead)
                  2000f190    000002c4     cmd_parser.obj (.text:ParsemDNSAdvertiseCmd)
                  2000f454    000002bc     wlan_cmd.obj (.text:p2pConnect)
                  2000f710    000002bc     wlan_cmd.obj (.text:printScanResults)
                  2000f9cc    000002b8     netapp_cmd.obj (.text:mDNSAdvertiseCallback)
                  2000fc84    000002b8     simplelink.a : wlan.obj (.text:sl_WlanProfileAdd)
                  2000ff3c    000002a4                  : wlanconfig.obj (.text:sl_WifiConfig)
                  200101e0    00000294     drivers_cc32xx.a : UART2CC32XX.oem4 (.text:UART2_open)
                  20010474    00000284     simplelink.a : wlan.obj (.text:sl_WlanConnect)
                  200106f8    00000278     wlan_cmd.obj (.text:cmdConnectedStationsCallback)
                  20010970    00000274     wlan_cmd.obj (.text:cmdSetPolicyCallback)
                  20010be4    00000268     rtsv7M4_T_le_eabi.lib : _printfi.c.obj (.text:_pconv_a)
                  20010e4c    00000260     cmd_parser.obj (.text:ParseSetPolicyCmd)
                  200110ac    0000025c     simplelink.a : driver.obj (.text:_SlDrvDataReadOp)
                  20011308    0000025c     wlan_cmd.obj (.text:cmdTriggeredRoamingEnablecallback)
                  20011564    00000250     cmd_parser.obj (.text:ParseEnableWoWLANCmd)
                  200117b4    0000024c     netapp_cmd.obj (.text:cmdPingCallback)
                  20011a00    00000244     wlan_cmd.obj (.text:cmdSoftRoamingEnablecallback)
                  20011c44    00000234     drivers_cc32xx.a : UART2CC32XX.oem4 (.text:UART2CC32XX_hwiIntFxn)
                  20011e78    00000230     wlan_cmd.obj (.text:cmdP2PModecallback)
                  200120a8    00000228     network_terminal.obj (.text:ipv6AddressParse)
                  200122d0    00000224     simplelink.a : driver.obj (.text:_SlDrvDriverCBInit)
                  200124f4    00000218                  : driver.obj (.text:_SlDrvDataWriteOp)
                  2001270c    0000020c     drivers_cc32xx.a : UARTCC32XXDMA.oem4 (.text:UARTCC32XXDMA_open)
                  20012918    00000200     network_terminal.obj (.text:initAppVariables)
                  20012b18    000001fc     uart_term.obj (.text:GetCmd)
                  20012d14    000001f4     simplelink.a : driver.obj (.text:_SlDrvMsgReadCmdCtx)
                  20012f08    000001f4     wlan_cmd.obj (.text:setStaticIPConfig)
                  200130fc    000001f2     simplelink.a : netapp.obj (.text:_SlNetAppEventHandler)
                  200132ee    00000002     drivers_cc32xx.a : UARTCC32XXDMA.oem4 (.text:UARTCC32XXDMA_init)
                  200132f0    000001e8     simplelink.a : netapp.obj (.text:sl_NetAppPing)
                  200134d8    000001e7     network_terminal.obj (.text:SimpleLinkFatalErrorEventHandler)
                  200136bf    00000001     --HOLE-- [fill = 0]
                  200136c0    000001e0     simplelink.a : device.obj (.text:sl_Stop)
                  200138a0    000001d8     wlan_cmd.obj (.text:cmdAddProfilecallback)
                  20013a78    000001d0     drivers_cc32xx.a : SPICC32XXDMA.oem4 (.text:SPICC32XXDMA_transfer)
                  20013c48    000001cc     rtsv7M4_T_le_eabi.lib : _printfi.c.obj (.text:_pconv_g)
                  20013e14    000001b8     drivers_cc32xx.a : SPICC32XXDMA.oem4 (.text:configDMA)
                  20013fcc    000001b8     transceiver_cmd.obj (.text:showTxMenu)
                  20014184    000001b6     rtsv7M4_T_le_eabi.lib : fd_add_t2.asm.obj (.text)
                  2001433a    00000002                           : _lock.c.obj (.text:_nop)
                  2001433c    000001b4     simplelink.a : driver.obj (.text:_SlDrvReleaseAllActivePendingPoolObj)
                  200144f0    000001b2     wlan_cmd.obj (.text:cmdGetProfilecallback)
                  200146a2    00000002     rtsv7M4_T_le_eabi.lib : div0.asm.obj (.text)
                  200146a4    000001ac     wlan_cmd.obj (.text:cmdP2PStopcallback)
                  20014850    000001a9     socket_cmd.obj (.text:cmdRecvCallback)
                  200149f9    00000001     --HOLE-- [fill = 0]
                  200149fa    00000002     release_pem4.oem4 (.text:ti_sysbios_BIOS_nullFunc__I)
                  200149fc    000001a8     simplelink.a : sl_socket.obj (.text:sl_Accept)
                  20014ba4    0000019c     cmd_parser.obj (.text:ParsemDNSQueryCmd)
                  20014d40    00000184     simplelink.a : driver.obj (.text:_SlDrvFindAndSetActiveObj)
                  20014ec4    00000178                  : sl_socket.obj (.text:sl_Connect)
                  2001503c    00000170     transceiver_cmd.obj (.text:cmdTranceiverModecallback)
                  200151ac    00000170     simplelink.a : netapp.obj (.text:sl_NetAppDnsGetHostByName)
                  2001531c    0000016c     cmd_parser.obj (.text:ParseCountycodeCmd)
                  20015488    00000160     wlan_cmd.obj (.text:cmdAntSelectionEnablecallback)
                  200155e8    0000015c     dpl_cc32xx.a : PowerCC32XX_tirtos.oem4 (.text:PowerCC32XX_sleepPolicy)
                  20015744    00000158     drivers_cc32xx.a : SPICC32XXDMA.oem4 (.text:SPICC32XXDMA_open)
                  2001589c    00000158     wlan_cmd.obj (.text:cmdCoexEnablecallback)
                  200159f4    00000158     wlan_cmd.obj (.text:printFrameSubTyps)
                  20015b4c    00000154     drivers_cc32xx.a : GPIOCC32XX.oem4 (.text:GPIO_setConfig)
                  20015ca0    00000154     simplelink.a : sl_socket.obj (.text:sl_RecvFrom)
                  20015df4    0000014c     wlan_cmd.obj (.text:cmdScanCallback)
                  20015f40    00000148     simplelink.a : sl_socket.obj (.text:_SlDrvGetNextTimeoutValue)
                  20016088    00000148     drivers_cc32xx.a : PowerCC32XX.oem4 (.text:parkPins)
                  200161d0    00000140     simplelink.a : driver.obj (.text:_SlDrvMsgReadSpawnCtx)
                  20016310    0000013c     cmd_parser.obj (.text:ParseTriggeredRoamingEnableCmd)
                  2001644c    0000013c     rtsv7M4_T_le_eabi.lib : _printfi.c.obj (.text:_pconv_e)
                  20016588    00000138     drivers_cc32xx.a : PowerCC32XX.oem4 (.text:Power_sleep)
                  200166c0    00000138     simplelink.a : driver.obj (.text:_SlSpawnMsgListInsert)
                  200167f8    00000138     wlan_cmd.obj (.text:cmdAntSelectionDisablecallback)
                  20016930    00000138     transceiver_cmd.obj (.text:showMenu)
                  20016a68    00000136     rtsv7M4_T_le_eabi.lib : fd_div_t2.asm.obj (.text)
                  20016b9e    00000002     release_pem4.oem4 (.text:xdc_runtime_Startup_reset__I)
                  20016ba0    00000134     transceiver_cmd.obj (.text:showPHYConfMenu)
                  20016cd4    00000130     simplelink.a : driver.obj (.text:_SlDrvDriverCBDeinit)
                  20016e04    00000130     wlan_cmd.obj (.text:cmdCoexDisablecallback)
                  20016f34    00000130     rtsv7M4_T_le_eabi.lib : strtol.c.obj (.text:strtol)
                  20017064    00000004     dpl_cc32xx.a : ClockP_tirtos.oem4 (.text:ClockP_destruct)
                  20017068    00000130     sysbios.aem4 : BIOS.obj (.text:ti_sysbios_knl_Semaphore_pend__E)
                  20017198    00000128     cmd_parser.obj (.text:ParseScanCmd)
                  200172c0    00000128     simplelink.a : driver.obj (.text:_SlDrvClassifyRxMsg)
                  200173e8    00000120                  : driver.obj (.text:_SlDrvAsyncEventGenericHandler)
                  20017508    00000120     rtsv7M4_T_le_eabi.lib : _printfi.c.obj (.text:fcvt)
                  20017628    00000120     network_terminal.obj (.text:mainThread)
                  20017748    00000120     sysbios.aem4 : BIOS.obj (.text:xdc_runtime_Startup_startMods__I)
                  20017868    0000011c     transceiver_cmd.obj (.text:showModCodeMenu)
                  20017984    0000011c     simplelink.a : device.obj (.text:sl_Start)
                  20017aa0    00000118                  : netapp.obj (.text:_SlNetAppHandleAsync_DnsGetHostByService)
                  20017bb8    00000118                  : wlan.obj (.text:sl_WlanProfileGet)
                  20017cd0    00000117     wlan_cmd.obj (.text:cmdCreateFilterCallback)
                  20017de7    00000001     --HOLE-- [fill = 0]
                  20017de8    00000114     wlan_cmd.obj (.text:printCreateFilterUsage)
                  20017efc    00000110     simplelink.a : netapp.obj (.text:sl_NetAppDnsGetHostByService)
                  2001800c    00000110     rtsv7M4_T_le_eabi.lib : strtoul.c.obj (.text:strtoul)
                  2001811c    00000004     dpl_cc32xx.a : ClockP_tirtos.oem4 (.text:ClockP_getCpuFreq)
                  20018120    00000110     sysbios.aem4 : BIOS.obj (.text:ti_sysbios_knl_Task_postInit__I)
                  20018230    0000010c     uart_term.obj (.text:pushCommand)
                  2001833c    00000108     drivers_cc32xx.a : UART2CC32XX.oem4 (.text:UART2_close)
                  20018444    00000104     simplelink.a : device.obj (.text:_SlDeviceEventHandler)
                  20018548    00000104                  : driver.obj (.text:_SlDrvCmdOp)
                  2001864c    00000004     dpl_cc32xx.a : ClockP_tirtos.oem4 (.text:ClockP_setTimeout)
                  20018650    00000104     sysbios.aem4 : BIOS.obj (.text:ti_sysbios_knl_Task_Instance_finalize__E)
                  20018754    00000100     cmd_parser.obj (.text:ParseSoftRoamingEnableCmd)
                  20018854    00000100     simplelink.a : driver.obj (.text:_SlDrvObjGlobalLockWaitForever)
                  20018954    00000100     network_terminal.obj (.text:cmdHelpCallback)
                  20018a54    000000fc     network_terminal.obj (.text:cmd_prompt)
                  20018b50    000000fc     rtsv7M4_T_le_eabi.lib : fd_mul_t2.asm.obj (.text)
                  20018c4c    000000fa                           : fs_add_t2.asm.obj (.text)
                  20018d46    00000002     --HOLE-- [fill = 0]
                  20018d48    000000f8     drivers_cc32xx.a : UARTCC32XXDMA.oem4 (.text:UARTCC32XXDMA_close)
                  20018e40    000000f8     simplelink.a : sl_socket.obj (.text:sl_Close)
                  20018f38    000000f4     netapp_cmd.obj (.text:SimpleLinkPingReport)
                  2001902c    000000f4     socket_cmd.obj (.text:cmdSendCallback)
                  20019120    000000f4     simplelink.a : sl_socket.obj (.text:sl_SendTo)
                  20019214    000000f2     drivers_cc32xx.a : SPICC32XXDMA.oem4 (.text:SPICC32XXDMA_transferCancel)
                  20019306    00000002     --HOLE-- [fill = 0]
                  20019308    000000f0     cmd_parser.obj (.text:ParsegetProfileCmd)
                  200193f8    000000f0     sysbios.aem4 : BIOS.obj (.text:pthread_create)
                  200194e8    000000ec     drivers_cc32xx.a : UART2CC32XX.oem4 (.text:UART2CC32XX_initHw)
                  200195d4    000000ec     wlan_cmd.obj (.text:cmdCountrycodecallback)
                  200196c0    000000e8     drivers_cc32xx.a : UARTCC32XXDMA.oem4 (.text:initHw)
                  200197a8    000000e8     sysbios.aem4 : BIOS.obj (.text:ti_sysbios_knl_Task_Instance_init__E)
                  20019890    000000e4     drivers_cc32xx.a : UART2CC32XX.oem4 (.text:UART2Support_dmaStartRx)
                  20019974    00000004     dpl_cc32xx.a : ClockP_tirtos.oem4 (.text:ClockP_start)
                  20019978    000000e4     sysbios.aem4 : BIOS.obj (.text:clock_gettime)
                  20019a5c    000000de     network_terminal.obj (.text:hexbyteStrtoASCII)
                  20019b3a    00000002     --HOLE-- [fill = 0]
                  20019b3c    000000d8     drivers_cc32xx.a : SPICC32XXDMA.oem4 (.text:SPICC32XXDMA_close)
                  20019c14    000000d8     simplelink.a : device.obj (.text:_SlDeviceHandleAsync_InitComplete)
                  20019cec    000000d8                  : driver.obj (.text:_SlDrvWaitForInternalAsyncEvent)
                  20019dc4    000000d8                  : netapp.obj (.text:_SlNetAppHandleAsync_NetAppReceive)
                  20019e9c    000000d4     socket_cmd.obj (.text:printRecvUsage)
                  20019f70    000000d4     sysbios.aem4 : BIOS.obj (.text:ti_sysbios_heaps_HeapMem_alloc__E)
                  2001a044    000000d0     simplelink.a : driver.obj (.text:_SlDrvRemoveFromList)
                  2001a114    000000d0                  : netapp.obj (.text:_SlNetAppMDNSRegisterUnregisterService)
                  2001a1e4    000000d0     rtsv7M4_T_le_eabi.lib : s_scalbn.c.obj (.text:scalbn)
                  2001a2b4    000000d0     simplelink.a : netapp.obj (.text:sl_NetAppGetServiceList)
                  2001a384    000000ce     cmd_parser.obj (.text:mDNScreateServiceName)
                  2001a452    00000002     --HOLE-- [fill = 0]
                  2001a454    000000cc     wlan_cmd.obj (.text:cmdDeleteFilterCallback)
                  2001a520    000000cc     wlan_cmd.obj (.text:cmdDisableFilterCallback)
                  2001a5ec    000000cc     wlan_cmd.obj (.text:cmdEnableFilterCallback)
                  2001a6b8    000000cc     sysbios.aem4 : m3_Hwi_asm.obj (.text:ti_sysbios_family_arm_m3_Hwi_dispatch__I)
                  2001a784    000000c8     drivers_cc32xx.a : UART2CC32XX.oem4 (.text:UART2Support_dmaStartTx)
                  2001a84c    000000c8                      : SPICC32XXDMA.oem4 (.text:spiHwiFxn)
                  2001a914    000000c4     cmd_parser.obj (.text:ParseCmd)
                  2001a9d8    000000c4     sysbios.aem4 : BIOS.obj (.text:ti_sysbios_knl_Task_sleep__E)
                  2001aa9c    000000c0     simplelink.a : cc_pal.obj (.text:NwpPowerOff)
                  2001ab5c    000000c0     network_terminal.obj (.text:macAddressParse)
                  2001ac1c    000000c0     drivers_cc32xx.a : PowerCC32XX.oem4 (.text:restoreParkedPins)
                  2001acdc    000000c0     simplelink.a : netcfg.obj (.text:sl_NetCfgGet)
                  2001ad9c    000000bc     wlan_cmd.obj (.text:CheckSubFrameType)
                  2001ae58    000000bc     simplelink.a : netapp.obj (.text:_SlNetAppSendResponse)
                  2001af14    000000bc     socket_cmd.obj (.text:printSendUsage)
                  2001afd0    000000bc     simplelink.a : sl_socket.obj (.text:sl_Send)
                  2001b08c    000000bc                  : wlan.obj (.text:sl_WlanProvisioning)
                  2001b148    000000bc     sysbios.aem4 : BIOS.obj (.text:xdc_runtime_Core_createObject__I)
                  2001b204    000000b8     drivers_cc32xx.a : UARTCC32XXDMA.oem4 (.text:UARTCC32XXDMA_configDMA)
                  2001b2bc    000000b8     simplelink.a : netapp.obj (.text:_SlNetAppHandleAsync_DnsGetHostByName)
                  2001b374    000000b8                  : netapp.obj (.text:_SlNetAppHandleAsync_PingResponse)
                  2001b42c    000000b8     network_terminal.obj (.text:showAvailableCmd)
                  2001b4e4    000000b8     simplelink.a : device.obj (.text:sl_DeviceGet)
                  2001b59c    000000b8                  : wlan.obj (.text:sl_WlanGet)
                  2001b654    00000004     dpl_cc32xx.a : ClockP_tirtos.oem4 (.text:ClockP_stop)
                  2001b658    000000b8     sysbios.aem4 : BIOS.obj (.text:ti_sysbios_family_arm_m3_Hwi_Instance_init__E)
                  2001b710    000000b4     network_terminal.obj (.text:PrintIPAddress)
                  2001b7c4    000000b4     drivers_cc32xx.a : UARTCC32XXDMA.oem4 (.text:UARTCC32XXDMA_hwiIntFxn)
                  2001b878    000000b4     simplelink.a : driver.obj (.text:_SlDrvHandleFatalError)
                  2001b92c    000000b4                  : netutil.obj (.text:_SlNetUtilHandleAsync_Cmd)
                  2001b9e0    000000b4     radio_tool.obj (.text:radioTool_Open)
                  2001ba94    000000b1     rtsv7M4_T_le_eabi.lib : _printfi.c.obj (.text:_ltostr)
                  2001bb45    00000003     --HOLE-- [fill = 0]
                  2001bb48    000000b0     wlan_cmd.obj (.text:printWlanConnectUsage)
                  2001bbf8    000000b0     wlan_cmd.obj (.text:printWlanStartApUsage)
                  2001bca8    000000b0     simplelink.a : wlan.obj (.text:sl_WlanRxStatGet)
                  2001bd58    000000ac                  : sl_socket.obj (.text:_SlSocketHandleAsync_Close)
                  2001be04    000000ac                  : sl_socket.obj (.text:_SlSocketHandleAsync_Connect)
                  2001beb0    000000ac     wlan_cmd.obj (.text:sendConnectionReq)
                  2001bf5c    000000a9     wlan_cmd.obj (.text:cmdAPTransitionDisablecallback)
                  2001c005    00000003     --HOLE-- [fill = 0]
                  2001c008    000000a9     wlan_cmd.obj (.text:cmdTriggeredRoamingDisablecallback)
                  2001c0b1    00000003     --HOLE-- [fill = 0]
                  2001c0b4    000000a8     driverlib.a : prcm.obj (.text:PRCMPeripheralClockGet)
                  2001c15c    000000a8     drivers_cc32xx.a : PowerCC32XX.oem4 (.text:PowerCC32XX_configureWakeup)
                  2001c204    000000a8     netapp_cmd.obj (.text:printmDNSAdvertiseUsage)
                  2001c2ac    000000a6     uart_term.obj (.text:Report)
                  2001c352    000000a6     simplelink.a : driver.obj (.text:_SlDrvIsTimeoutExpired)
                  2001c3f8    000000a6     transceiver_cmd.obj (.text:is5GhzChannel)
                  2001c49e    00000002     --HOLE-- [fill = 0]
                  2001c4a0    000000a4     wlan_cmd.obj (.text:printAddProfileUsage)
                  2001c544    000000a4     wlan_cmd.obj (.text:printSetPolicyUsage)
                  2001c5e8    000000a4     simplelink.a : sl_socket.obj (.text:sl_Bind)
                  2001c68c    000000a4                  : netapp.obj (.text:sl_NetAppGet)
                  2001c730    000000a4     sysbios.aem4 : BIOS.obj (.text:ti_sysbios_knl_Task_setPri__E)
                  2001c7d4    000000a1     wlan_cmd.obj (.text:cmdAPTransitionEnablecallback)
                  2001c875    00000003     --HOLE-- [fill = 0]
                  2001c878    000000a1     wlan_cmd.obj (.text:cmdWlanDisconnectCallback)
                  2001c919    00000003     --HOLE-- [fill = 0]
                  2001c91c    000000a0     uart_term.obj (.text:InitTerm)
                  2001c9bc    000000a0     simplelink.a : driver.obj (.text:_SlSpawnMsgListProcess)
                  2001ca5c    000000a0     auto_init.aem4 : auto_init.oem4 (.text)
                  2001cafc    0000009e     simplelink.a : cc_pal.obj (.text:spi_Read)
                  2001cb9a    0000009e                  : cc_pal.obj (.text:spi_Write)
                  2001cc38    0000009c     sysbios.aem4 : BIOS.obj (.text:_pthread_removeThreadKeys)
                  2001ccd4    0000009c     rtsv7M4_T_le_eabi.lib : memcpy_t2.asm.obj (.text)
                  2001cd70    00000098     netapp_cmd.obj (.text:printPingUsage)
                  2001ce08    00000096     wlan_cmd.obj (.text:cmdSoftRoamingDisablecallback)
                  2001ce9e    00000002     --HOLE-- [fill = 0]
                  2001cea0    00000096     network_terminal.obj (.text:ipv4AddressParse)
                  2001cf36    00000096     rtsv7M4_T_le_eabi.lib : ull_div_t2.asm.obj (.text)
                  2001cfcc    00000094     simplelink.a : cc_pal.obj (.text:Semaphore_pend_handle)
                  2001d060    00000094     drivers_cc32xx.a : SPICC32XXDMA.oem4 (.text:initHw)
                  2001d0f4    00000094     simplelink.a : wlan.obj (.text:sl_WlanGetExtNetworkList)
                  2001d188    00000094                  : wlan.obj (.text:sl_WlanGetNetworkList)
                  2001d21c    00000004     dpl_cc32xx.a : HwiP_tirtos.oem4 (.text:HwiP_clearInterrupt)
                  2001d220    00000094     sysbios.aem4 : BIOS.obj (.text:ti_sysbios_knl_Task_exit__E)
                  2001d2b4    00000092     rtsv7M4_T_le_eabi.lib : fs_div_t2.asm.obj (.text)
                  2001d346    00000002     --HOLE-- [fill = 0]
                  2001d348    00000090     drivers_cc32xx.a : GPIOCC32XX.oem4 (.text:GPIO_init)
                  2001d3d8    00000090     simplelink.a : device.obj (.text:_SlDeviceHandleAsync_Stop)
                  2001d468    00000090                  : sl_socket.obj (.text:_SlSocketHandleAsync_Accept)
                  2001d4f8    00000090     netapp_cmd.obj (.text:printmDNSQueryUsage)
                  2001d588    00000090     radio_tool.obj (.text:radioTool_RxStart)
                  2001d618    00000090     drivers_cc32xx.a : PowerCC32XX.oem4 (.text:restoreNVICRegs)
                  2001d6a8    00000090     simplelink.a : wlan.obj (.text:sl_WlanRxFilterAdd)
                  2001d738    00000090     sysbios.aem4 : BIOS.obj (.text:ti_sysbios_knl_Task_Module_startup__E)
                  2001d7c8    0000008c     drivers_cc32xx.a : UARTCC32XXDMA.oem4 (.text:UARTCC32XXDMA_write)
                  2001d854    0000008c     simplelink.a : driver.obj (.text:_SlDrvDriverIsApiAllowed)
                  2001d8e0    0000008c                  : driver.obj (.text:_SlDrvProtectAsyncRespSetting)
                  2001d96c    0000008c     wlan_cmd.obj (.text:printEnableWoWLANUsage)
                  2001d9f8    0000008c     simplelink.a : sl_socket.obj (.text:sl_Recv)
                  2001da84    0000008c                  : wlan.obj (.text:sl_WlanRxStatStart)
                  2001db10    0000008c                  : wlan.obj (.text:sl_WlanRxStatStop)
                  2001db9c    00000004     dpl_cc32xx.a : HwiP_tirtos.oem4 (.text:HwiP_destruct)
                  2001dba0    0000008c     sysbios.aem4 : BIOS.obj (.text:xdc_runtime_Memory_alloc__E)
                  2001dc2c    00000088     driverlib.a : pin.obj (.text:PinConfigSet)
                  2001dcb4    00000004     dpl_cc32xx.a : HwiP_tirtos.oem4 (.text:HwiP_disable)
                  2001dcb8    00000088     sysbios.aem4 : BIOS.obj (.text:ti_sysbios_family_arm_m3_Hwi_initNVIC__E)
                  2001dd40    00000086     rtsv7M4_T_le_eabi.lib : fd_cmp_t2.asm.obj (.text:__aeabi_cdcmple)
                  2001ddc6    00000086                           : fd_cmp_t2.asm.obj (.text:__aeabi_cdrcmple)
                  2001de4c    00000004     dpl_cc32xx.a : HwiP_tirtos.oem4 (.text:HwiP_disableInterrupt)
                  2001de50    00000086     sysbios.aem4 : BIOS.obj (.text:xdc_runtime_Core_constructObject__I)
                  2001ded6    00000002     --HOLE-- [fill = 0]
                  2001ded8    00000084     drivers_cc32xx.a : PowerCC32XX.oem4 (.text:Power_init)
                  2001df5c    00000084     wlan_cmd.obj (.text:printScanUsage)
                  2001dfe0    00000084     drivers_cc32xx.a : PowerCC32XX.oem4 (.text:saveNVICRegs)
                  2001e064    00000084     network_terminal.obj (.text:sem_wait_timeout)
                  2001e0e8    00000084     simplelink.a : netapp.obj (.text:sl_NetAppSet)
                  2001e16c    00000084                  : netcfg.obj (.text:sl_NetCfgSet)
                  2001e1f0    00000084                  : sl_socket.obj (.text:sl_SetSockOpt)
                  2001e274    00000084                  : wlan.obj (.text:sl_WlanSet)
                  2001e2f8    00000084     sysbios.aem4 : BIOS.obj (.text:ti_sysbios_family_arm_m3_Hwi_postInit__I)
                  2001e37c    00000004     dpl_cc32xx.a : HwiP_tirtos.oem4 (.text:HwiP_enableInterrupt)
                  2001e380    00000084     sysbios.aem4 : BIOS.obj (.text:ti_sysbios_heaps_HeapMem_free__E)
                  2001e404    00000080     drivers_cc32xx.a : PowerCC32XX.oem4 (.text:Power_setDependency)
                  2001e484    00000080                      : UARTCC32XXDMA.oem4 (.text:UARTCC32XXDMA_read)
                  2001e504    00000004                      : SPICC32XXDMA.oem4 (.text:SPICC32XXDMA_init)
                  2001e508    00000080     sysbios.aem4 : BIOS.obj (.text:_pthread_abstime2ticks)
                  2001e588    00000080     simplelink.a : device.obj (.text:sl_DeviceSet)
                  2001e608    00000080     sysbios.aem4 : BIOS.obj (.text:ti_sysbios_knl_Clock_workFunc__E)
                  2001e688    0000007e     cmd_parser.obj (.text:FreeConnectCmd)
                  2001e706    00000002     --HOLE-- [fill = 0]
                  2001e708    0000007c     drivers_cc32xx.a : UDMACC32XX.oem4 (.text:UDMACC32XX_open)
                  2001e784    0000007c     simplelink.a : wlan.obj (.text:sl_WlanPolicySet)
                  2001e800    0000007a     drivers_cc32xx.a : UARTCC32XXDMA.oem4 (.text:UARTCC32XXDMA_readPolling)
                  2001e87a    0000007a     rtsv7M4_T_le_eabi.lib : fs_mul_t2.asm.obj (.text)
                  2001e8f4    0000007a                           : memset_t2.asm.obj (.text)
                  2001e96e    00000002     --HOLE-- [fill = 0]
                  2001e970    00000078     radio_tool.obj (.text:radioTool_TxStop)
                  2001e9e8    00000078     simplelink.a : sl_socket.obj (.text:sl_Socket)
                  2001ea60    00000074     drivers_cc32xx.a : UART2CC32XX.oem4 (.text:UART2CC32XX_readCallback)
                  2001ead4    00000074                      : GPIOCC32XX.oem4 (.text:powerNotifyFxn)
                  2001eb48    00000074     wlan_cmd.obj (.text:printCountrycodeeUsage)
                  2001ebbc    00000074     wlan_cmd.obj (.text:printSoftRoamingEnableUsage)
                  2001ec30    00000074     wlan_cmd.obj (.text:printTriggeredRoamingEnableUsage)
                  2001eca4    00000004     dpl_cc32xx.a : SemaphoreP_tirtos.oem4 (.text:SemaphoreP_destruct)
                  2001eca8    00000074     sysbios.aem4 : BIOS.obj (.text:xdc_runtime_Core_deleteObject__I)
                  2001ed1c    00000070     simplelink.a : driver.obj (.text:_SlDrvCmdSend_noLock)
                  2001ed8c    00000004     dpl_cc32xx.a : SemaphoreP_tirtos.oem4 (.text:SemaphoreP_post)
                  2001ed90    00000070     sysbios.aem4 : BIOS.obj (.text:acquireMutexNone$47)
                  2001ee00    00000070     transceiver_cmd.obj (.text:showCCAThreshHoldMenu)
                  2001ee70    00000070     transceiver_cmd.obj (.text:showRxMenu)
                  2001eee0    00000070     sysbios.aem4 : BIOS.obj (.text:ti_sysbios_heaps_HeapMem_initPrimary__I)
                  2001ef50    0000006e     rtsv7M4_T_le_eabi.lib : _printfi.c.obj (.text:_mcpy)
                  2001efbe    00000002     --HOLE-- [fill = 0]
                  2001efc0    0000006c     simplelink.a : device.obj (.text:_SlDeviceHandleResetRequestInternally)
                  2001f02c    0000006c                  : netapp.obj (.text:_SlNetAppSendTokenValue)
                  2001f098    0000006c     sysbios.aem4 : BIOS.obj (.text:pthread_cancel)
                  2001f104    00000004     release_pem4.oem4 (.text:ti_sysbios_BIOS_RtsGateProxy_enter__E)
                  2001f108    0000006c     sysbios.aem4 : BIOS.obj (.text:ti_sysbios_knl_Swi_restoreHwi__E)
                  2001f174    0000006a     cmd_parser.obj (.text:FreeProfileCmd)
                  2001f1de    00000002     --HOLE-- [fill = 0]
                  2001f1e0    00000068     uart_term.obj (.text:ReplaceLine)
                  2001f248    00000068     simplelink.a : driver.obj (.text:_SlSpawnMsgListGetCount)
                  2001f2b0    00000068     rtsv7M4_T_le_eabi.lib : copy_decompress_lzss.c.obj (.text:decompress:lzss:__TI_decompress_lzss)
                  2001f318    00000068     main_tirtos.obj (.text:main)
                  2001f380    00000068     wlan_cmd.obj (.text:printAntSelectionEnableUsage)
                  2001f3e8    00000068     wlan_cmd.obj (.text:printCoexEnableUsage)
                  2001f450    00000068     wlan_cmd.obj (.text:printGetProfileUsage)
                  2001f4b8    00000068     wlan_cmd.obj (.text:printP2PStartUsage)
                  2001f520    00000068     wlan_cmd.obj (.text:printP2PStopUsage)
                  2001f588    00000068     sysbios.aem4 : BIOS.obj (.text:pthread_exit)
                  2001f5f0    00000068     uart_term.obj (.text:retCommand)
                  2001f658    00000068     simplelink.a : cc_pal.obj (.text:spi_Open)
                  2001f6c0    00000068     sysbios.aem4 : BIOS.obj (.text:ti_sysbios_family_arm_cc32xx_Seconds_getTime__E)
                  2001f728    00000064     drivers_cc32xx.a : GPIOCC32XX.oem4 (.text:GPIO_setInterruptConfig)
                  2001f78c    00000064                      : PowerCC32XX.oem4 (.text:PowerCC32XX_setParkState)
                  2001f7f0    00000064     sysbios.aem4 : BIOS.obj (.text:pthread_join)
                  2001f854    00000004     release_pem4.oem4 (.text:ti_sysbios_BIOS_RtsGateProxy_leave__E)
                  2001f858    00000064     sysbios.aem4 : BIOS.obj (.text:ti_sysbios_family_arm_m3_Hwi_dispatchC__I)
                  2001f8bc    00000064     driverlib.a : udma.obj (.text:uDMAChannelAttributeDisable)
                  2001f920    00000060     drivers_cc32xx.a : GPIOCC32XX.oem4 (.text:GPIO_hwiIntFxn)
                  2001f980    00000060     driverlib.a : prcm.obj (.text:PRCMSysResetCauseGet)
                  2001f9e0    00000060     drivers_cc32xx.a : UARTCC32XXDMA.oem4 (.text:UARTCC32XXDMA_control)
                  2001fa40    00000060     sysbios.aem4 : BIOS.obj (.text:ti_sysbios_knl_Semaphore_post__E)
                  2001faa0    00000060                  : BIOS.obj (.text:ti_sysbios_knl_Swi_run__I)
                  2001fb00    0000005e     drivers_cc32xx.a : UART2CC32XX.oem4 (.text:UART2Support_dmaStopTx)
                  2001fb5e    00000002     --HOLE-- [fill = 0]
                  2001fb60    0000005c     simplelink.a : spawn.obj (.text:_SlInternalSpawn)
                  2001fbbc    0000005c     rtsv7M4_T_le_eabi.lib : s_frexp.c.obj (.text:frexp)
                  2001fc18    0000005c     wlan_cmd.obj (.text:printAPTransitionDisableUsage)
                  2001fc74    0000005c     wlan_cmd.obj (.text:printAPTransitionEnableUsage)
                  2001fcd0    0000005c     wlan_cmd.obj (.text:printAntSelectionDisableUsage)
                  2001fd2c    0000005c     wlan_cmd.obj (.text:printCoexDisableUsage)
                  2001fd88    0000005c     wlan_cmd.obj (.text:printConnectedStationsUsage)
                  2001fde4    0000005c     wlan_cmd.obj (.text:printSoftRoamingDisableUsage)
                  2001fe40    0000005c     wlan_cmd.obj (.text:printTriggeredRoamingDisableUsage)
                  2001fe9c    0000005c     wlan_cmd.obj (.text:printWlanDisconnectUsage)
                  2001fef8    0000005c     wlan_cmd.obj (.text:printWlanStopApUsage)
                  2001ff54    0000005c     transceiver_cmd.obj (.text:showPreambleMenu)
                  2001ffb0    0000005c     sysbios.aem4 : BIOS.obj (.text:ti_sysbios_family_arm_m3_Timer_start__E)
                  2002000c    00000004     release_pem4.oem4 (.text:ti_sysbios_family_arm_m3_Hwi_delete)
                  20020010    0000005c     sysbios.aem4 : BIOS.obj (.text:ti_sysbios_knl_Swi_schedule__I)
                  2002006c    00000004     release_pem4.oem4 (.text:ti_sysbios_family_arm_m3_TaskSupport_Module__startupDone__S)
                  20020070    0000005c     sysbios.aem4 : BIOS.obj (.text:ti_sysbios_knl_Task_startCore__E)
                  200200cc    00000004     release_pem4.oem4 (.text:ti_sysbios_heaps_HeapMem_Module_GateProxy_enter__E)
                  200200d0    0000005c     sysbios.aem4 : BIOS.obj (.text:xdc_runtime_Startup_exec__E)
                  2002012c    00000058     driverlib.a : prcm.obj (.text:PRCMPeripheralReset)
                  20020184    00000058     drivers_cc32xx.a : PowerCC32XX.oem4 (.text:Power_releaseDependency)
                  200201dc    00000058     simplelink.a : sl_socket.obj (.text:_SlDrvClearCtrlSocket)
                  20020234    00000058                  : driver.obj (.text:_SlFindAndReleasePendingCmd)
                  2002028c    00000058     wlan_cmd.obj (.text:printDeleteFilterUsage)
                  200202e4    00000058     wlan_cmd.obj (.text:printDisableFilterUsage)
                  2002033c    00000058     wlan_cmd.obj (.text:printEnableFilterUsage)
                  20020394    00000058     simplelink.a : sl_socket.obj (.text:sl_Listen)
                  200203ec    00000004     release_pem4.oem4 (.text:ti_sysbios_heaps_HeapMem_Module_GateProxy_leave__E)
                  200203f0    00000058     sysbios.aem4 : BIOS.obj (.text:ti_sysbios_family_arm_cc32xx_Seconds_getCount__I)
                  20020448    00000056     rtsv7M4_T_le_eabi.lib : _printfi.c.obj (.text:_pconv_f)
                  2002049e    00000002     --HOLE-- [fill = 0]
                  200204a0    00000054     simplelink.a : driver.obj (.text:_SlDrvRxIrqHandler)
                  200204f4    00000054     rtsv7M4_T_le_eabi.lib : _ltoa.c.obj (.text:__TI_ltoa)
                  20020548    00000054     transceiver_cmd.obj (.text:printTranceiverModeUsage)
                  2002059c    00000054     simplelink.a : netapp.obj (.text:sl_NetAppMDNSRegisterService)
                  200205f0    00000054     release_pem4.oem4 (.text:ti_sysbios_family_arm_m3_Hwi_create)
                  20020644    00000052     drivers_cc32xx.a : PowerCC32XX_asm.oem4 (.text:PowerCC32XX_resumeLPDS)
                  20020696    00000052     rtsv7M4_T_le_eabi.lib : _printfi.c.obj (.text:_ecpy)
                  200206e8    00000050     simplelink.a : cc_pal.obj (.text:NwpRegisterInterruptHandler)
                  20020738    00000050     drivers_cc32xx.a : UART2CC32XX.oem4 (.text:UART2Support_dmaStopRx)
                  20020788    00000050                      : UARTCC32XXDMA.oem4 (.text:UARTCC32XXDMA_writePolling)
                  200207d8    00000050     simplelink.a : driver.obj (.text:_SlDrvCmdSend_noWait)
                  20020828    00000050                  : driver.obj (.text:_SlDrvUpdateApiInProgress)
                  20020878    00000050                  : spawn.obj (.text:_SlInternalSpawnTaskEntry)
                  200208c8    00000050                  : eventreg.obj (.text:_SlNetAppHttpServerHdlr)
                  20020918    00000050                  : eventreg.obj (.text:_SlNetAppRequestHdlr)
                  20020968    00000050     network_terminal.obj (.text:printHelpUsage)
                  200209b8    00000050     sysbios.aem4 : BIOS.obj (.text:ti_sysbios_family_arm_m3_Hwi_Module_startup__E)
                  20020a08    00000050     release_pem4.oem4 (.text:ti_sysbios_family_arm_m3_Hwi_construct)
                  20020a58    00000050     sysbios.aem4 : BIOS.obj (.text:ti_sysbios_family_arm_m3_Timer_setPeriod__E)
                  20020aa8    00000050     release_pem4.oem4 (.text:ti_sysbios_knl_Task_create)
                  20020af8    0000004e     cmd_parser.obj (.text:isChannelAt)
                  20020b46    0000004e     drivers_cc32xx.a : UARTCC32XXDMA.oem4 (.text:writeCancel)
                  20020b94    0000004c     simplelink.a : cc_pal.obj (.text:NwpWaitForShutDownInd)
                  20020be0    0000004c     drivers_cc32xx.a : PowerCC32XX.oem4 (.text:PowerCC32XX_parkPin)
                  20020c2c    0000004c     rtsv7M4_T_le_eabi.lib : atoi.c.obj (.text:atoi)
                  20020c78    0000004c                           : atol.c.obj (.text:atol)
                  20020cc4    0000004c                           : cpy_tbl.c.obj (.text:copy_in)
                  20020d10    0000004c     drivers_cc32xx.a : PowerCC32XX.oem4 (.text:restorePeriphClocks)
                  20020d5c    0000004c     simplelink.a : netapp.obj (.text:sl_NetAppMDNSUnRegisterService)
                  20020da8    0000004c                  : wlan.obj (.text:sl_WlanProfileDel)
                  20020df4    0000004c                  : wlan.obj (.text:sl_WlanSetMode)
                  20020e40    0000004c     sysbios.aem4 : m3_TaskSupport_asm.obj (.text:ti_sysbios_family_arm_m3_TaskSupport_buildTaskStack)
                  20020e8c    00000004     release_pem4.oem4 (.text:ti_sysbios_knl_Clock_TimerProxy_getMaxTicks__E)
                  20020e90    0000004c     sysbios.aem4 : BIOS.obj (.text:ti_sysbios_heaps_HeapMem_getStats__E)
                  20020edc    00000004     release_pem4.oem4 (.text:ti_sysbios_knl_Clock_TimerProxy_setPeriodMicroSecs__E)
                  20020ee0    0000004c     sysbios.aem4 : BIOS.obj (.text:ti_sysbios_knl_Swi_runLoop__I)
                  20020f2c    00000004     release_pem4.oem4 (.text:ti_sysbios_knl_Clock_TimerProxy_start__E)
                  20020f30    0000004c     sysbios.aem4 : BIOS.obj (.text:ti_sysbios_knl_Task_allBlockedFunction__I)
                  20020f7c    00000004     release_pem4.oem4 (.text:ti_sysbios_knl_Clock_TimerProxy_stop__E)
                  20020f80    0000004c     sysbios.aem4 : BIOS.obj (.text:ti_sysbios_knl_Task_schedule__I)
                  20020fcc    0000004a     drivers_cc32xx.a : UARTCC32XXDMA.oem4 (.text:readCancel)
                  20021016    00000002     --HOLE-- [fill = 0]
                  20021018    00000048     driverlib.a : flash.obj (.text:FlashDisable)
                  20021060    00000048     drivers_cc32xx.a : GPIOCC32XX.oem4 (.text:GPIO_disableInt)
                  200210a8    00000048                      : GPIOCC32XX.oem4 (.text:GPIO_enableInt)
                  200210f0    00000048     driverlib.a : prcm.obj (.text:PRCMLPDSEnter)
                  20021138    00000048                 : prcm.obj (.text:PRCMPeripheralClkEnable)
                  20021180    00000048     drivers_cc32xx.a : PowerCC32XX.oem4 (.text:Power_releaseConstraint)
                  200211c8    00000048     simplelink.a : eventreg.obj (.text:_SlDeviceFatalErrorEvtHdlr)
                  20021210    00000048                  : eventreg.obj (.text:_SlDeviceGeneralEvtHdlr)
                  20021258    00000048                  : driver.obj (.text:_SlDrvBasicCmd)
                  200212a0    00000048                  : driver.obj (.text:_SlDrvSyncObjWaitTimeout)
                  200212e8    00000048                  : eventreg.obj (.text:_SlNetAppEvtHdlr)
                  20021330    00000048                  : eventreg.obj (.text:_SlNetAppRequestMemFree)
                  20021378    00000048                  : eventreg.obj (.text:_SlSockEvtHdlr)
                  200213c0    00000048                  : eventreg.obj (.text:_SlWlanEvtHdlr)
                  20021408    00000048     sysbios.aem4 : BIOS.obj (.text:pthread_mutex_init)
                  20021450    00000048     rtsv7M4_T_le_eabi.lib : fd_toi_t2.asm.obj (.text)
                  20021498    00000048     sysbios.aem4 : BIOS.obj (.text:ti_sysbios_family_arm_m3_Hwi_disableInterrupt__E)
                  200214e0    00000048                  : BIOS.obj (.text:ti_sysbios_family_arm_m3_Hwi_enableInterrupt__E)
                  20021528    00000048                  : m3_Hwi_asm_switch.obj (.text:ti_sysbios_family_arm_m3_Hwi_initStacks__E)
                  20021570    00000048                  : BIOS.obj (.text:ti_sysbios_family_arm_m3_Timer_initDevice__I)
                  200215b8    00000048                  : BIOS.obj (.text:ti_sysbios_knl_Mailbox_Module_startup__E)
                  20021600    00000048                  : BIOS.obj (.text:xdc_runtime_Core_assignParams__I)
                  20021648    00000046     drivers_cc32xx.a : RingBuf.oem4 (.text:RingBuf_put)
                  2002168e    00000002     --HOLE-- [fill = 0]
                  20021690    00000046     network_terminal.obj (.text:SimpleLinkGeneralEventHandler)
                  200216d6    00000002     --HOLE-- [fill = 0]
                  200216d8    00000044     driverlib.a : prcm.obj (.text:PRCMLPDSRestoreInfoSet)
                  2002171c    00000044     drivers_cc32xx.a : PowerCC32XX_asm.oem4 (.text:PowerCC32XX_enterLPDS)
                  20021760    00000044                      : SPI.oem4 (.text:SPI_init)
                  200217a4    00000044                      : UART.oem4 (.text:UART_init)
                  200217e8    00000044     boot.aem4 : boot.oem4 (.text)
                  2002182c    00000044     network_terminal.obj (.text:printClearUsage)
                  20021870    00000044     simplelink.a : netapp.obj (.text:sl_NetAppStart)
                  200218b4    00000044                  : netapp.obj (.text:sl_NetAppStop)
                  200218f8    00000044     sysbios.aem4 : BIOS.obj (.text:ti_sysbios_family_arm_m3_Hwi_getStackInfo__E)
                  2002193c    00000004     release_pem4.oem4 (.text:ti_sysbios_knl_Clock_delete)
                  20021940    00000044     sysbios.aem4 : BIOS.obj (.text:ti_sysbios_knl_Mailbox_postInit__I)
                  20021984    00000004     release_pem4.oem4 (.text:ti_sysbios_knl_Semaphore_delete)
                  20021988    00000044     sysbios.aem4 : BIOS.obj (.text:ti_sysbios_knl_Swi_post__E)
                  200219cc    00000004     release_pem4.oem4 (.text:ti_sysbios_knl_Task_delete)
                  200219d0    00000044     sysbios.aem4 : BIOS.obj (.text:xdc_runtime_System_atexit__E)
                  20021a14    00000042     simplelink.a : sl_socket.obj (.text:sl_Htonl)
                  20021a56    00000040     dpl_cc32xx.a : ClockP_tirtos.oem4 (.text:ClockP_construct)
                  20021a96    00000002     --HOLE-- [fill = 0]
                  20021a98    00000040                  : ClockP_tirtos.oem4 (.text:ClockP_create)
                  20021ad8    00000040     simplelink.a : sl_socket.obj (.text:CountSetBits)
                  20021b18    00000040     dpl_cc32xx.a : HwiP_tirtos.oem4 (.text:HwiP_create)
                  20021b58    00000040     driverlib.a : pin.obj (.text:PinModeSet)
                  20021b98    00000040     drivers_cc32xx.a : SPI.oem4 (.text:SPI_open)
                  20021bd8    00000040                      : UART.oem4 (.text:UART_open)
                  20021c18    00000040                      : UDMACC32XX.oem4 (.text:UDMACC32XX_init)
                  20021c58    00000040     simplelink.a : driver.obj (.text:_SlDrvGlobalObjUnLock)
                  20021c98    00000040                  : spawn.obj (.text:_SlInternalSpawnWaitForEvent)
                  20021cd8    00000040                  : eventreg.obj (.text:_SlIsEventRegistered)
                  20021d18    00000040     rtsv7M4_T_le_eabi.lib : strtok.c.obj (.text:strtok)
                  20021d58    00000040     sysbios.aem4 : BIOS.obj (.text:ti_sysbios_heaps_HeapMem_Instance_init__E)
                  20021d98    00000040                  : BIOS.obj (.text:ti_sysbios_knl_Clock_Instance_init__E)
                  20021dd8    00000040     rtsv7M4_T_le_eabi.lib : vsnprintf.c.obj (.text:vsnprintf)
                  20021e18    0000003e     dpl_cc32xx.a : HwiP_tirtos.oem4 (.text:HwiP_construct)
                  20021e56    0000003e     drivers_cc32xx.a : RingBuf.oem4 (.text:RingBuf_putAdvance)
                  20021e94    0000003e     simplelink.a : sl_socket.obj (.text:_SlSocketBuildAddress)
                  20021ed2    0000003e     rtsv7M4_T_le_eabi.lib : _printfi.c.obj (.text:_fcpy)
                  20021f10    0000003e     release_pem4.oem4 (.text:realloc)
                  20021f4e    00000002     --HOLE-- [fill = 0]
                  20021f50    0000003e     sysbios.aem4 : BIOS.obj (.text:sem_timedwait)
                  20021f8e    00000002     --HOLE-- [fill = 0]
                  20021f90    0000003c     drivers_cc32xx.a : PowerCC32XX.oem4 (.text:Power_setConstraint)
                  20021fcc    0000003c     dpl_cc32xx.a : SemaphoreP_tirtos.oem4 (.text:SemaphoreP_create)
                  20022008    0000003c     simplelink.a : netapp.obj (.text:_SlNetAppCopyPingResultsToReport)
                  20022044    0000003c     network_terminal.obj (.text:gpioButtonFxn1)
                  20022080    0000003c     sysbios.aem4 : BIOS.obj (.text:pthread_mutex_unlock)
                  200220bc    0000003c     radio_tool.obj (.text:radioTool_Close)
                  200220f8    0000003c     simplelink.a : sl_socket.obj (.text:sl_Htons)
                  20022134    00000004     release_pem4.oem4 (.text:xdc_runtime_System_Module_GateProxy_enter__E)
                  20022138    0000003c     sysbios.aem4 : BIOS.obj (.text:sleep)
                  20022174    00000004     release_pem4.oem4 (.text:xdc_runtime_System_Module_GateProxy_leave__E)
                  20022178    0000003c     sysbios.aem4 : BIOS.obj (.text:ti_sysbios_family_arm_m3_Hwi_Instance_finalize__E)
                  200221b4    00000004     --HOLE-- [fill = 0]
                  200221b8    0000003c                  : BIOS.obj (.text:ti_sysbios_family_arm_m3_Hwi_construct2__E)
                  200221f4    00000004     --HOLE-- [fill = 0]
                  200221f8    0000003c                  : BIOS.obj (.text:ti_sysbios_family_arm_m3_Timer_setPeriodMicroSecs__E)
                  20022234    0000003c     release_pem4.oem4 (.text:ti_sysbios_knl_Clock_create)
                  20022270    0000003c     sysbios.aem4 : BIOS.obj (.text:ti_sysbios_knl_Clock_walkQueuePeriodic__E)
                  200222ac    00000004     --HOLE-- [fill = 0]
                  200222b0    0000003c                  : BIOS.obj (.text:ti_sysbios_knl_Swi_restore__E)
                  200222ec    00000004     --HOLE-- [fill = 0]
                  200222f0    0000003c                  : BIOS.obj (.text:usleep)
                  2002232c    00000004     --HOLE-- [fill = 0]
                  20022330    0000003c                  : BIOS.obj (.text:xdc_runtime_System_processAtExit__E)
                  2002236c    0000003a     dpl_cc32xx.a : SemaphoreP_tirtos.oem4 (.text:SemaphoreP_construct)
                  200223a6    0000003a                  : PowerCC32XX_tirtos.oem4 (.text:getCountsRTC)
                  200223e0    00000038     driverlib.a : prcm.obj (.text:PRCMLPDSEnterKeepDebugIf)
                  20022418    00000038     drivers_cc32xx.a : PowerCC32XX.oem4 (.text:notify)
                  20022450    00000038     rtsv7M4_T_le_eabi.lib : fs_toi_t2.asm.obj (.text)
                  20022488    00000038     drivers_cc32xx.a : UARTCC32XXDMA.oem4 (.text:startTxFifoEmptyClk)
                  200224c0    00000038     sysbios.aem4 : BIOS.obj (.text:ti_sysbios_knl_Task_processVitalTaskFlag__I)
                  200224f8    00000036     drivers_cc32xx.a : UART2.oem4 (.text:UART2_rxDisable)
                  2002252e    00000036     rtsv7M4_T_le_eabi.lib : strncpy.c.obj (.text:strncpy)
                  20022564    00000034     driverlib.a : pin.obj (.text:PinModeGet)
                  20022598    00000034     drivers_cc32xx.a : PowerCC32XX.oem4 (.text:PowerCC32XX_restoreParkState)
                  200225cc    00000034                      : RingBuf.oem4 (.text:RingBuf_getConsume)
                  20022600    00000034                      : RingBuf.oem4 (.text:RingBuf_putPointer)
                  20022634    00000034                      : UDMACC32XX.oem4 (.text:UDMACC32XX_close)
                  20022668    00000034     rtsv7M4_T_le_eabi.lib : strstr.c.obj (.text:strstr)
                  2002269c    00000004     --HOLE-- [fill = 0]
                  200226a0    00000034     sysbios.aem4 : BIOS.obj (.text:ti_sysbios_family_arm_m3_Timer_periodicStub__I)
                  200226d4    00000034     release_pem4.oem4 (.text:ti_sysbios_knl_Semaphore_create)
                  20022708    00000034     drivers_cc32xx.a : UARTCC32XXDMA.oem4 (.text:writeFinishedDoCallback)
                  2002273c    00000032                      : UART2CC32XX.oem4 (.text:UART2Support_disableRx)
                  2002276e    00000032     radio_tool.obj (.text:radioTool_GetStats)
                  200227a0    00000032     sysbios.aem4 : BIOS.obj (.text:ti_sysbios_hal_Hwi_initStack)
                  200227d2    00000030     drivers_cc32xx.a : PowerCC32XX.oem4 (.text:PowerCC32XX_restoreParkedPin)
                  20022802    00000002     --HOLE-- [fill = 0]
                  20022804    00000030     driverlib.a : uart.obj (.text:UARTDisable)
                  20022834    00000030     rtsv7M4_T_le_eabi.lib : vsnprintf.c.obj (.text:_outs)
                  20022864    00000004     --HOLE-- [fill = 0]
                  20022868    00000030     sysbios.aem4 : BIOS.obj (.text:getTime$21)
                  20022898    00000030     str.obj (.text:printBorder)
                  200228c8    00000030     release_pem4.oem4 (.text:ti_sysbios_BIOS_atExitFunc__I)
                  200228f8    00000030     release_pem4.oem4 (.text:ti_sysbios_BIOS_startFunc__I)
                  20022928    00000030     sysbios.aem4 : BIOS.obj (.text:ti_sysbios_family_arm_m3_TaskSupport_start__E)
                  20022958    00000030     release_pem4.oem4 (.text:ti_sysbios_gates_GateHwi_Object__create__S)
                  20022988    00000030     release_pem4.oem4 (.text:ti_sysbios_gates_GateMutex_Object__create__S)
                  200229b8    00000030     sysbios.aem4 : BIOS.obj (.text:ti_sysbios_gates_GateMutex_enter__E)
                  200229e8    00000030     release_pem4.oem4 (.text:ti_sysbios_heaps_HeapMem_Object__create__S)
                  20022a18    00000030     release_pem4.oem4 (.text:ti_sysbios_knl_Clock_construct)
                  20022a48    00000030     release_pem4.oem4 (.text:ti_sysbios_knl_Semaphore_construct)
                  20022a78    00000030     sysbios.aem4 : BIOS.obj (.text:ti_sysbios_knl_Semaphore_pendTimeout__I)
                  20022aa8    00000030                  : BIOS.obj (.text:ti_sysbios_knl_Task_restore__E)
                  20022ad8    00000030                  : BIOS.obj (.text:ti_sysbios_knl_Task_unblockI__E)
                  20022b08    00000030     release_pem4.oem4 (.text:ti_sysbios_rts_MemAlloc_alloc)
                  20022b38    0000002e     cmd_parser.obj (.text:FreeStartApCmd)
                  20022b66    0000002e     cmd_parser.obj (.text:FreemDNSAdvertiseCmd)
                  20022b94    0000002e     simplelink.a : cc_pal.obj (.text:Mutex_create_handle)
                  20022bc2    0000002e     rtsv7M4_T_le_eabi.lib : i_tofd_t2.asm.obj (.text)
                  20022bf0    0000002c     simplelink.a : cc_pal.obj (.text:NwpPowerOn)
                  20022c1c    0000002c     drivers_cc32xx.a : PowerCC32XX.oem4 (.text:PowerCC32XX_getParkState)
                  20022c48    0000002c     dpl_cc32xx.a : SemaphoreP_tirtos.oem4 (.text:SemaphoreP_constructBinary)
                  20022c74    0000002c                  : SemaphoreP_tirtos.oem4 (.text:SemaphoreP_createBinary)
                  20022ca0    0000002c     simplelink.a : driver.obj (.text:_SlDrvSyncObjWaitForever)
                  20022ccc    00000004     --HOLE-- [fill = 0]
                  20022cd0    0000002c     sysbios.aem4 : BIOS.obj (.text:_pthread_cleanupFxn)
                  20022cfc    00000004     --HOLE-- [fill = 0]
                  20022d00    0000002c                  : BIOS.obj (.text:_pthread_delete$43)
                  20022d2c    00000004     --HOLE-- [fill = 0]
                  20022d30    0000002c                  : BIOS.obj (.text:clockFxn$41)
                  20022d5c    0000002c     radio_tool.obj (.text:radioTool_RxStop)
                  20022d88    0000002c     sysbios.aem4 : BIOS.obj (.text:ti_sysbios_family_arm_m3_TimestampProvider_Module_startup__E)
                  20022db4    0000002c     release_pem4.oem4 (.text:ti_sysbios_gates_GateHwi_Handle__label__S)
                  20022de0    0000002c     release_pem4.oem4 (.text:ti_sysbios_gates_GateMutex_Handle__label__S)
                  20022e0c    0000002c     release_pem4.oem4 (.text:ti_sysbios_heaps_HeapMem_Handle__label__S)
                  20022e38    0000002c     release_pem4.oem4 (.text:ti_sysbios_knl_Clock_doTick__I)
                  20022e64    0000002c     release_pem4.oem4 (.text:ti_sysbios_knl_Queue_construct)
                  20022e90    0000002a     drivers_cc32xx.a : RingBuf.oem4 (.text:RingBuf_getPointer)
                  20022eba    0000002a                      : UARTCC32XXDMA.oem4 (.text:UARTCC32XXDMA_readCancel)
                  20022ee4    0000002a                      : UARTCC32XXDMA.oem4 (.text:UARTCC32XXDMA_writeCancel)
                  20022f0e    0000002a     release_pem4.oem4 (.text:calloc)
                  20022f38    0000002a     sysbios.aem4 : BIOS.obj (.text:sem_init)
                  20022f62    0000002a     rtsv7M4_T_le_eabi.lib : strspn.c.obj (.text:strspn)
                  20022f8c    00000028     driverlib.a : prcm.obj (.text:PRCMPeripheralClkDisable)
                  20022fb4    00000028     dpl_cc32xx.a : PowerCC32XX_tirtos.oem4 (.text:PowerCC32XX_initPolicy)
                  20022fdc    00000028     drivers_cc32xx.a : PowerCC32XX.oem4 (.text:Power_registerNotify)
                  20023004    00000028     simplelink.a : driver.obj (.text:_SlDrvProtectionObjLockWaitForever)
                  2002302c    00000028                  : driver.obj (.text:_SlDrvProtectionObjUnLock)
                  20023054    00000028                  : flowcont.obj (.text:_SlFlowContSet)
                  2002307c    00000028     sysbios.aem4 : m3_Hwi_asm.obj (.text:ti_sysbios_family_arm_m3_Hwi_excHandlerAsm__I)
                  200230a4    00000004     --HOLE-- [fill = 0]
                  200230a8    00000028                  : BIOS.obj (.text:ti_sysbios_knl_Clock_addI__E)
                  200230d0    00000028                  : BIOS.obj (.text:ti_sysbios_knl_Swi_Module_startup__E)
                  200230f8    00000028     driverlib.a : udma.obj (.text:uDMAChannelIsEnabled)
                  20023120    00000026     drivers_cc32xx.a : List.oem4 (.text:List_put)
                  20023146    00000026                      : List.oem4 (.text:List_remove)
                  2002316c    00000024                      : GPIOCC32XX.oem4 (.text:GPIO_clearInt)
                  20023190    00000024                      : PowerCC32XX.oem4 (.text:PowerCC32XX_reset)
                  200231b4    00000024     driverlib.a : uart.obj (.text:UARTEnable)
                  200231d8    00000024     simplelink.a : driver.obj (.text:_SlDrvIsApiInProgress)
                  200231fc    00000024                  : driver.obj (.text:_SlDrvStartMeasureTimeout)
                  20023220    00000024     sysbios.aem4 : BIOS.obj (.text:pthread_attr_init)
                  20023244    00000024     rtsv7M4_T_le_eabi.lib : u_tofs_t2.asm.obj (.text)
                  20023268    00000024     simplelink.a : wlan.obj (.text:sl_WlanDisconnect)
                  2002328c    00000024     rtsv7M4_T_le_eabi.lib : strcspn.c.obj (.text:strcspn)
                  200232b0    00000024     release_pem4.oem4 (.text:ti_sysbios_BIOS_registerRTSLock__I)
                  200232d4    00000024     release_pem4.oem4 (.text:ti_sysbios_BIOS_removeRTSLock__I)
                  200232f8    00000024     sysbios.aem4 : BIOS.obj (.text:ti_sysbios_family_arm_m3_Timer_postInit__I)
                  2002331c    00000004     --HOLE-- [fill = 0]
                  20023320    00000024                  : BIOS.obj (.text:ti_sysbios_family_arm_m3_Timer_startup__E)
                  20023344    00000024     release_pem4.oem4 (.text:ti_sysbios_gates_GateMutex_Object__delete__S)
                  20023368    00000024     sysbios.aem4 : BIOS.obj (.text:ti_sysbios_knl_Clock_Module_startup__E)
                  2002338c    00000024     release_pem4.oem4 (.text:ti_sysbios_knl_Clock_Object__delete__S)
                  200233b0    00000024     sysbios.aem4 : BIOS.obj (.text:ti_sysbios_knl_Clock_start__E)
                  200233d4    00000004     --HOLE-- [fill = 0]
                  200233d8    00000024                  : BIOS.obj (.text:ti_sysbios_knl_Semaphore_Instance_init__E)
                  200233fc    00000024     release_pem4.oem4 (.text:ti_sysbios_knl_Semaphore_Object__delete__S)
                  20023420    00000024     sysbios.aem4 : BIOS.obj (.text:ti_sysbios_knl_Task_restoreHwi__E)
                  20023444    00000004     --HOLE-- [fill = 0]
                  20023448    00000024                  : BIOS.obj (.text:xdc_runtime_Error_policyMin__E)
                  2002346c    00000022     drivers_cc32xx.a : UART2CC32XX.oem4 (.text:UART2CC32XX_writeTimeout)
                  2002348e    00000002     --HOLE-- [fill = 0]
                  20023490    00000020                      : PowerCC32XX.oem4 (.text:Power_unregisterNotify)
                  200234b0    00000020     uart_term.obj (.text:SendValue)
                  200234d0    00000020     drivers_cc32xx.a : UART2CC32XX.oem4 (.text:UART2CC32XX_getPowerMgrId)
                  200234f0    00000020                      : SPICC32XXDMA.oem4 (.text:getPowerMgrId)
                  20023510    00000020                      : UARTCC32XXDMA.oem4 (.text:getPowerMgrId)
                  20023530    00000020     transceiver_cmd.obj (.text:showPowMenu)
                  20023550    00000020     release_pem4.oem4 (.text:ti_sysbios_BIOS_rtsLock__I)
                  20023570    00000020     release_pem4.oem4 (.text:ti_sysbios_family_arm_m3_Hwi_Object__delete__S)
                  20023590    00000020     sysbios.aem4 : BIOS.obj (.text:ti_sysbios_family_arm_m3_Hwi_clearInterrupt__E)
                  200235b0    00000020     release_pem4.oem4 (.text:ti_sysbios_gates_GateHwi_Object__delete__S)
                  200235d0    00000020     release_pem4.oem4 (.text:ti_sysbios_heaps_HeapMem_Object__delete__S)
                  200235f0    00000020     release_pem4.oem4 (.text:ti_sysbios_knl_Clock_destruct)
                  20023610    00000020     sysbios.aem4 : BIOS.obj (.text:ti_sysbios_knl_Idle_run__E)
                  20023630    00000020     release_pem4.oem4 (.text:ti_sysbios_knl_Semaphore_destruct)
                  20023650    00000020     release_pem4.oem4 (.text:ti_sysbios_knl_Task_Object__delete__S)
                  20023670    0000001e     simplelink.a : driver.obj (.text:_SlDrvObjLockWaitForever)
                  2002368e    0000001e                  : driver.obj (.text:_SlDrvObjUnLock)
                  200236ac    0000001e                  : driver.obj (.text:_SlDrvSyncObjSignal)
                  200236ca    0000001e     drivers_cc32xx.a : UDMACC32XX.oem4 (.text:postNotifyFxn)
                  200236e8    0000001e     rtsv7M4_T_le_eabi.lib : strcat.c.obj (.text:strcat)
                  20023706    0000001e     sysbios.aem4 : m3_Hwi_asm_switch.obj (.text:ti_sysbios_family_xxx_Hwi_switchAndRunFunc)
                  20023724    0000001c     drivers_cc32xx.a : GPIO.oem4 (.text:GPIO_setCallback)
                  20023740    0000001c     uart_term.obj (.text:GetValue)
                  2002375c    0000001c     uart_term.obj (.text:Message)
                  20023778    0000001c     driverlib.a : pin.obj (.text:PinToPadGet)
                  20023794    0000001c     simplelink.a : device.obj (.text:_SlDeviceGetStartResponseConvert)
                  200237b0    0000001c                  : spawn.obj (.text:_SlInternalIsItSpawnThread)
                  200237cc    0000001c     rtsv7M4_T_le_eabi.lib : memccpy.c.obj (.text:memccpy)
                  200237e8    0000001c     release_pem4.oem4 (.text:ti_sysbios_family_arm_m3_Hwi_destruct)
                  20023804    00000004     --HOLE-- [fill = 0]
                  20023808    0000001c     sysbios.aem4 : BIOS.obj (.text:ti_sysbios_family_arm_m3_Hwi_excHandler__I)
                  20023824    00000004     --HOLE-- [fill = 0]
                  20023828    0000001c                  : BIOS.obj (.text:ti_sysbios_family_arm_m3_Timer_Module_startup__E)
                  20023844    00000004     --HOLE-- [fill = 0]
                  20023848    0000001c                  : BIOS.obj (.text:ti_sysbios_family_arm_m3_Timer_stop__E)
                  20023864    00000004     --HOLE-- [fill = 0]
                  20023868    0000001c                  : BIOS.obj (.text:ti_sysbios_gates_GateMutex_Instance_init__E)
                  20023884    00000004     --HOLE-- [fill = 0]
                  20023888    0000001c                  : BIOS.obj (.text:ti_sysbios_knl_Clock_Instance_finalize__E)
                  200238a4    0000001c     release_pem4.oem4 (.text:ti_sysbios_knl_Queue_destruct)
                  200238c0    0000001c     sysbios.aem4 : BIOS.obj (.text:ti_sysbios_knl_Queue_put__E)
                  200238dc    00000004     --HOLE-- [fill = 0]
                  200238e0    0000001c                  : BIOS.obj (.text:ti_sysbios_knl_Task_enter__I)
                  200238fc    00000004     --HOLE-- [fill = 0]
                  20023900    0000001c                  : BIOS.obj (.text:ti_sysbios_rts_ti_ReentSupport_getReent__F)
                  2002391c    0000001a     cmd_parser.obj (.text:FreePingCmd)
                  20023936    0000001a     cmd_parser.obj (.text:FreeRecvCmd)
                  20023950    0000001a     cmd_parser.obj (.text:FreeSendCmd)
                  2002396a    0000001a     release_pem4.oem4 (.text:free)
                  20023984    0000001a     sysbios.aem4 : m3_Hwi_asm.obj (.text:ti_sysbios_family_arm_m3_Hwi_pendSV__I)
                  2002399e    00000002     --HOLE-- [fill = 0]
                  200239a0    00000018     drivers_cc32xx.a : PowerCC32XX.oem4 (.text:Power_getTransitionLatency)
                  200239b8    00000018                      : PowerCC32XX.oem4 (.text:Power_idleFunc)
                  200239d0    00000018                      : UART2.oem4 (.text:UART2_Params_init)
                  200239e8    00000018     driverlib.a : uart.obj (.text:UARTBusy)
                  20023a00    00000018                 : uart.obj (.text:UARTDMADisable)
                  20023a18    00000018                 : uart.obj (.text:UARTIntDisable)
                  20023a30    00000018                 : uart.obj (.text:UARTIntEnable)
                  20023a48    00000018     drivers_cc32xx.a : UART.oem4 (.text:UART_Params_init)
                  20023a60    00000018     rtsv7M4_T_le_eabi.lib : args_main.c.obj (.text:_args_main)
                  20023a78    00000018                           : vsnprintf.c.obj (.text:_outc)
                  20023a90    00000018     uart_term.obj (.text:getch)
                  20023aa8    00000018     uart_term.obj (.text:putch)
                  20023ac0    00000018     rtsv7M4_T_le_eabi.lib : ll_mul_t2.asm.obj (.text)
                  20023ad8    00000018                           : strcmp.c.obj (.text:strcmp)
                  20023af0    00000018     release_pem4.oem4 (.text:ti_sysbios_BIOS_rtsUnlock__I)
                  20023b08    00000018     release_pem4.oem4 (.text:ti_sysbios_family_arm_m3_Hwi_Module__startupDone__F)
                  20023b20    00000018     release_pem4.oem4 (.text:ti_sysbios_family_arm_m3_Timer_Module__startupDone__F)
                  20023b38    00000018     sysbios.aem4 : BIOS.obj (.text:ti_sysbios_gates_GateMutex_leave__E)
                  20023b50    00000018                  : BIOS.obj (.text:ti_sysbios_knl_Task_sleepTimeout__I)
                  20023b68    00000018     release_pem4.oem4 (.text:ti_sysbios_rts_ti_ReentSupport_getTlsAddr__I)
                  20023b80    00000018     sysbios.aem4 : BIOS.obj (.text:xdc_runtime_Error_init__E)
                  20023b98    00000018                  : BIOS.obj (.text:xdc_runtime_System_exit__E)
                  20023bb0    00000016     driverlib.a : prcm.obj (.text:PRCMHIBRegRead)
                  20023bc6    00000016                 : prcm.obj (.text:PRCMHIBRegWrite)
                  20023bdc    00000016     simplelink.a : driver.obj (.text:_SlDrvMemZero)
                  20023bf2    00000006     drivers_cc32xx.a : SPICC32XXDMA.oem4 (.text:SPICC32XXDMA_control)
                  20023bf8    00000016     sysbios.aem4 : BIOS.obj (.text:pthread_mutex_destroy)
                  20023c0e    00000016     rtsv7M4_T_le_eabi.lib : strchr.c.obj (.text:strchr)
                  20023c24    00000016     release_pem4.oem4 (.text:ti_sysbios_BIOS_exitFunc__I)
                  20023c3a    00000014     ti_drivers_config.obj (.text:Board_init)
                  20023c4e    00000002     --HOLE-- [fill = 0]
                  20023c50    00000014     drivers_cc32xx.a : PowerCC32XX.oem4 (.text:PowerCC32XX_getWakeup)
                  20023c64    00000014                      : PowerCC32XX.oem4 (.text:Power_disablePolicy)
                  20023c78    00000014                      : PowerCC32XX.oem4 (.text:Power_getDependencyCount)
                  20023c8c    00000014                      : SPI.oem4 (.text:SPI_Params_init)
                  20023ca0    00000014     sysbios.aem4 : BIOS.obj (.text:pthread_attr_setschedparam)
                  20023cb4    00000014     rtsv7M4_T_le_eabi.lib : strcpy.c.obj (.text:strcpy)
                  20023cc8    00000014                           : strlen.c.obj (.text:strlen)
                  20023cdc    00000014     release_pem4.oem4 (.text:ti_sysbios_family_arm_m3_Hwi_Object__get__S)
                  20023cf0    00000014     sysbios.aem4 : BIOS.obj (.text:ti_sysbios_family_arm_m3_Hwi_switchFromBootStack__E)
                  20023d04    00000014     release_pem4.oem4 (.text:ti_sysbios_heaps_HeapMem_Object__get__S)
                  20023d18    00000014     sysbios.aem4 : BIOS.obj (.text:ti_sysbios_knl_Clock_tickReconfig__E)
                  20023d2c    00000014     release_pem4.oem4 (.text:ti_sysbios_knl_Swi_Object__get__S)
                  20023d40    00000012     uart_term.obj (.text:ClearTerm)
                  20023d52    00000012     drivers_cc32xx.a : RingBuf.oem4 (.text:RingBuf_construct)
                  20023d64    00000012     dpl_cc32xx.a : SemaphoreP_tirtos.oem4 (.text:SemaphoreP_pend)
                  20023d76    00000012     driverlib.a : uart.obj (.text:UARTIntClear)
                  20023d88    00000012                 : uart.obj (.text:UARTRxErrorGet)
                  20023d9a    00000006     drivers_cc32xx.a : UART2CC32XX.oem4 (.text:UART2Support_powerRelConstraint)
                  20023da0    00000012     sysbios.aem4 : BIOS.obj (.text:_pthread_runStub$43)
                  20023db2    00000006     driverlib.a : utils.obj (.text:UtilsDelay)
                  20023db8    00000012     sysbios.aem4 : BIOS.obj (.text:ti_sysbios_hal_Hwi_Module_startup__E)
                  20023dca    00000012     rtsv7M4_T_le_eabi.lib : wcslen.c.obj (.text:wcslen)
                  20023ddc    00000012     release_pem4.oem4 (.text:xdc_runtime_Startup_exec__I)
                  20023dee    00000010     dpl_cc32xx.a : HwiP_tirtos.oem4 (.text:HwiP_Params_init)
                  20023dfe    00000002     --HOLE-- [fill = 0]
                  20023e00    00000010     drivers_cc32xx.a : PowerCC32XX.oem4 (.text:Power_enablePolicy)
                  20023e10    00000010                      : UART2CC32XX.oem4 (.text:UART2CC32XX_readTimeout)
                  20023e20    00000010                      : UART2CC32XX.oem4 (.text:UART2Support_rxStatus2ErrorCode)
                  20023e30    00000010     simplelink.a : driver.obj (.text:_SlDrvDispatchHttpServerEvents)
                  20023e40    00000010                  : driver.obj (.text:_SlDrvDispatchNetAppRequestEvents)
                  20023e50    00000010                  : driver.obj (.text:_SlDrvIsSpawnOwnGlobalLock)
                  20023e60    00000010     ti_drivers_config.obj (.text:dmaErrorFxn)
                  20023e70    00000010     sysbios.aem4 : BIOS.obj (.text:pthread_mutexattr_init)
                  20023e80    00000010                  : BIOS.obj (.text:pthread_mutexattr_settype)
                  20023e90    00000010                  : BIOS.obj (.text:ti_sysbios_BIOS_getCpuFreq__E)
                  20023ea0    00000010                  : BIOS.obj (.text:ti_sysbios_BIOS_setThreadType__E)
                  20023eb0    00000010                  : BIOS.obj (.text:ti_sysbios_BIOS_start__E)
                  20023ec0    00000010                  : m3_TaskSupport_asm.obj (.text:ti_sysbios_family_arm_m3_TaskSupport_glue)
                  20023ed0    00000010                  : m3_TaskSupport_asm.obj (.text:ti_sysbios_family_arm_m3_TaskSupport_swap__E)
                  20023ee0    00000010                  : BIOS.obj (.text:ti_sysbios_gates_GateMutex_Instance_finalize__E)
                  20023ef0    00000010     release_pem4.oem4 (.text:ti_sysbios_knl_Mailbox_Object__get__S)
                  20023f00    00000010     sysbios.aem4 : BIOS.obj (.text:ti_sysbios_knl_Semaphore_Instance_finalize__E)
                  20023f10    00000010                  : BIOS.obj (.text:ti_sysbios_knl_Swi_disable__E)
                  20023f20    00000010     release_pem4.oem4 (.text:ti_sysbios_knl_Task_Object__get__S)
                  20023f30    00000010     sysbios.aem4 : BIOS.obj (.text:ti_sysbios_knl_Task_disable__E)
                  20023f40    00000010                  : BIOS.obj (.text:xdc_runtime_Memory_free__E)
                  20023f50    00000010                  : BIOS.obj (.text:xdc_runtime_SysCallback_abort__E)
                  20023f60    00000010                  : BIOS.obj (.text:xdc_runtime_SysCallback_exit__E)
                  20023f70    0000000e     simplelink.a : driver.obj (.text:_SlDrvResetCmdExt)
                  20023f7e    0000000e     rtsv7M4_T_le_eabi.lib : copy_decompress_none.c.obj (.text:decompress:none:__TI_decompress_none)
                  20023f8c    0000000e     drivers_cc32xx.a : SPICC32XXDMA.oem4 (.text:postNotifyFxn)
                  20023f9a    00000006     --HOLE-- [fill = 0]
                  20023fa0    0000000e     sysbios.aem4 : BIOS.obj (.text:pthread_attr_setdetachstate)
                  20023fae    00000002     --HOLE-- [fill = 0]
                  20023fb0    0000000e                  : BIOS.obj (.text:sem_wait)
                  20023fbe    0000000e     simplelink.a : cc_pal.obj (.text:spi_Close)
                  20023fcc    00000004     --HOLE-- [fill = 0]
                  20023fd0    0000000e     sysbios.aem4 : BIOS.obj (.text:ti_sysbios_knl_Idle_loop__E)
                  20023fde    00000002     --HOLE-- [fill = 0]
                  20023fe0    0000000e                  : BIOS.obj (.text:ti_sysbios_knl_Queue_empty__E)
                  20023fee    0000000c     dpl_cc32xx.a : ClockP_tirtos.oem4 (.text:ClockP_delete)
                  20023ffa    00000002     --HOLE-- [fill = 0]
                  20023ffc    0000000c                  : ClockP_tirtos.oem4 (.text:ClockP_getSystemTickPeriod)
                  20024008    0000000c                  : HwiP_tirtos.oem4 (.text:HwiP_delete)
                  20024014    0000000c     simplelink.a : cc_pal.obj (.text:NwpMaskInterrupt)
                  20024020    0000000c                  : cc_pal.obj (.text:NwpUnMaskInterrupt)
                  2002402c    0000000c     drivers_cc32xx.a : PowerCC32XX.oem4 (.text:Power_getConstraintMask)
                  20024038    0000000c     dpl_cc32xx.a : SemaphoreP_tirtos.oem4 (.text:SemaphoreP_delete)
                  20024044    0000000c     network_terminal.obj (.text:SimpleLinkHttpServerEventHandler)
                  20024050    0000000c     network_terminal.obj (.text:SimpleLinkNetAppRequestEventHandler)
                  2002405c    0000000c     drivers_cc32xx.a : UART2CC32XX.oem4 (.text:UART2CC32XX_postNotifyFxn)
                  20024068    0000000c     simplelink.a : device.obj (.text:_SlDeviceResetRequestInitCompletedCB)
                  20024074    0000000c     rtsv7M4_T_le_eabi.lib : _lock.c.obj (.text:_register_lock)
                  20024080    0000000c                           : _lock.c.obj (.text:_register_unlock)
                  2002408c    0000000c     network_terminal.obj (.text:cmdClearcallback)
                  20024098    0000000c     rtsv7M4_T_le_eabi.lib : s_copysign.c.obj (.text:copysign)
                  200240a4    0000000c                           : copy_zero_init.c.obj (.text:decompress:ZI:__TI_zero_init)
                  200240b0    0000000c     drivers_cc32xx.a : UARTCC32XXDMA.oem4 (.text:postNotifyFxn)
                  200240bc    00000004     --HOLE-- [fill = 0]
                  200240c0    0000000c     sysbios.aem4 : BIOS.obj (.text:pthread_self)
                  200240cc    0000000c     release_pem4.oem4 (.text:ti_sysbios_family_arm_m3_Hwi_Params__init__S)
                  200240d8    0000000c     sysbios.aem4 : BIOS.obj (.text:ti_sysbios_family_arm_m3_Hwi_disableFxn__E)
                  200240e4    00000004     --HOLE-- [fill = 0]
                  200240e8    0000000c                  : BIOS.obj (.text:ti_sysbios_family_arm_m3_TaskSupport_getStackAlignment__E)
                  200240f4    00000004     --HOLE-- [fill = 0]
                  200240f8    0000000c                  : BIOS.obj (.text:ti_sysbios_gates_GateHwi_enter__E)
                  20024104    0000000c     release_pem4.oem4 (.text:ti_sysbios_knl_Clock_Params__init__S)
                  20024110    0000000c     sysbios.aem4 : BIOS.obj (.text:ti_sysbios_knl_Clock_getTicks__E)
                  2002411c    00000004     --HOLE-- [fill = 0]
                  20024120    0000000c                  : BIOS.obj (.text:ti_sysbios_knl_Clock_setTicks__E)
                  2002412c    00000004     --HOLE-- [fill = 0]
                  20024130    0000000c                  : BIOS.obj (.text:ti_sysbios_knl_Clock_tickStart__E)
                  2002413c    00000004     --HOLE-- [fill = 0]
                  20024140    0000000c                  : BIOS.obj (.text:ti_sysbios_knl_Clock_tickStop__E)
                  2002414c    0000000c     release_pem4.oem4 (.text:ti_sysbios_knl_Queue_Object__get__S)
                  20024158    0000000c     release_pem4.oem4 (.text:ti_sysbios_knl_Semaphore_Params__init__S)
                  20024164    0000000c     release_pem4.oem4 (.text:ti_sysbios_knl_Task_Params__init__S)
                  20024170    0000000c     sysbios.aem4 : BIOS.obj (.text:ti_sysbios_knl_Task_self__E)
                  2002417c    00000004     --HOLE-- [fill = 0]
                  20024180    0000000c                  : BIOS.obj (.text:ti_sysbios_rts_ti_ReentSupport_taskRegHook__I)
                  2002418c    0000000c     driverlib.a : udma.obj (.text:uDMAErrorStatusClear)
                  20024198    0000000c                 : udma.obj (.text:uDMAErrorStatusGet)
                  200241a4    00000004     --HOLE-- [fill = 0]
[...]
20033b30  Txtask_m15_optionDetailsStr                                     
20033b34  Txtask_m16_optionDetailsStr                                     
20033b38  Txtask_m17_optionDetailsStr                                     
20033b3c  Txtask_m18_optionDetailsStr                                     
20033b40  Txtask_m19_optionDetailsStr                                     
20033b44  Txtask_m20_optionDetailsStr                                     
20033b48  Txtask_m21_optionDetailsStr                                     
20033b4c  Txtask_txp_optionDetailsStr                                     
20033b50  Txtask_txp0_optionDetailsStr                                    
20033b54  Txtask_p_optionDetailsStr                                       
20033b58  Txtask_p0_optionDetailsStr                                      
20033b5c  Txtask_p1_optionDetailsStr                                      
20033b60  Txtask_p2_optionDetailsStr                                      
20033b64  Txtask_p3_optionDetailsStr                                      
20033b68  Txtask_p4_optionDetailsStr                                      
20033b6c  Txtask_tone_optionDetailsStr                                    
20033b70  Txtask_d_optionDetailsStr                                       
20033b74  Txtask_dp_optionDetailsStr                                      
20033b78  Txtask_dp0_optionDetailsStr                                     
20033b7c  Txtask_dp1_optionDetailsStr                                     
20033b80  Txtask_dp2_optionDetailsStr                                     
20033b84  Txtask_dp3_optionDetailsStr                                     
20033b88  Txtask_cca_optionDetailsStr                                     
20033b8c  Txtask_s_optionDetailsStr                                       
20033b90  Txtask_a_optionDetailsStr                                       
20033b94  cca_th_optionDetailStr                                          
20033b98  cca_th1_optionDetailStr                                         
20033b9c  cca_th2_optionDetailStr                                         
20033ba0  cca_th3_optionDetailStr                                         
20033ba4  cca_th4_optionDetailStr                                         
20033ba8  cca_th5_optionDetailStr                                         
20033bac  cca_th6_optionDetailStr                                         
20033bb0  RxtaskDetailsStr                                                
20033bb4  Rxtask_c_optionDetailsStr                                       
20033bb8  Rxtask_d_optionDetailsStr                                       
20033bbc  Rxtask_s_optionDetailsStr                                       
20033bc0  p2pStartDetailsStr                                              
20033bc4  p2pStopDetailsStr                                               
20033bc8  SoftRoamingEnableDetailsStr                                     
20033bcc  SoftRoamingEnable_r_optionDetailsStr                            
20033bd0  SoftRoamingEnable_Note_optionDetailsStr                         
20033bd4  SoftRoamingDisableDetailsStr                                    
20033bd8  AntSelectionEnableDetailsStr                                    
20033bdc  AntSelectionEnable_Note_optionDetailsStr                        
20033be0  AntSelectionDisableDetailsStr                                   
20033be4  CoexEnableDetailsStr                                            
20033be8  CoexEnable_Note_optionDetailsStr                                
20033bec  CoexDisableDetailsStr                                           
20033bf0  CountryCodeDetailsStr                                           
20033bf4  CountryCode_g_optionDetailsStr                                  
20033bf8  CountryCode_Note_optionDetailsStr                               
20033bfc  wlanAddProfileDetailsStr                                        
20033c00  wlanProfile_mac_optionDetailsStr                                
20033c04  wlanProfile_pr_optionDetailsStr                                 
20033c08  wlanGetProfileDetailsStr                                        
20033c0c  wlanProfile_i_optionDetailsStr                                  
20033c10  TriggeredRoamingEnableDetailsStr                                
20033c14  TriggeredRoaming_r_optionDetailsStr                             
20033c18  TriggeredRoamingDisableDetailsStr                               
20033c1c  APTransitionEnableDetailsStr                                    
20033c20  APTransitionDisableDetailsStr                                   
20033c24  gCmdList                                                        
20033dc8  PowerCC32XX_module                                              
20033f34  parkInfo                                                        
2003402c  ap_start_UsageStr                                               
200341c0  wlanConnectUsageStr                                             
20034257  createFilterUsageStr                                            
200342e4  addProfileUsageStr                                              
2003436d  mDNSAdvertiseUsageStr                                           
200343f4  gpioPinConfigs                                                  
20034478  setPolicyUsageStr                                               
200344fc  ti_sysbios_knl_Swi_Module_State_0_readyQ__A                     
2003457c  ti_sysbios_knl_Task_Module_State_0_readyQ__A                    
200345fc  send_c_optionDetailsStr                                         
20034676  pingUsageStr                                                    
200346e6  recv_Note_optionDetailsStr                                      
20034744  sendUsage1Str                                                   
200347a1  mDNSdQueryUsageStr                                              
200347f8  sendUsage2Str                                                   
20034848  ti_sysbios_knl_Task_Object__table__V                            
20034894  enableWoWLANUsageStr                                            
200348dc  ti_sysbios_knl_Task_Module__state__V                            
20034920  DataFrames_str                                                  
20034960  radiotoolDetailsStr                                             
2003499c  send_p_optionDetailsStr                                         
200349d7  send_nb_optionDetailsStr                                        
20034a10  send_n_optionDetailsStr                                         
20034a48  ti_sysbios_gates_GateMutex_Object__table__V                     
20034a80  send_n_r_optionDetailsStr                                       
20034ab8  ti_sysbios_family_arm_m3_Hwi_Module__state__V                   
20034aec  MangmentFrames_str                                              
20034b1c  ti_sysbios_family_arm_m3_Timer_Object__table__V                 
20034b4c  ti_sysbios_knl_Swi_Object__table__V                             
20034b7c  scanUsageStr                                                    
20034ba9  V_optionStr                                                     
20034bac  ti_sysbios_knl_Clock_Module__state__V                           
20034bd8  SetCountryCodeUsageStr                                          
20034bfc  g_LibsEvents                                                    
20034c20  g_UserEvents                                                    
20034c44  ti_sysbios_BIOS_Module__state__V                                
20034c68  send_6_optionDetailsStr                                         
20034c8a  TriggeredRoamingEnableUsageStr                                  
20034cac  CtrlFrames_str                                                  
20034ccc  send_u_optionDetailsStr                                         
20034cec  xdc_runtime_Error_IgnoreBlock                                   
20034d0c  SoftRoamingEnableUsageStr                                       
20034d2a  space_str                                                       
20034d2c  ti_sysbios_knl_Swi_Module__state__V                             
20034d48  getProfileUsageStr                                              
20034d63  send_s_optionDetailsStr                                         
20034d7e  Template_Hdr                                                    
20034d98  ti_sysbios_family_arm_m3_Hwi_Object__table__V                   
20034db0  ti_sysbios_heaps_HeapMem_Object__table__V                       
20034dc8  APTransitionDisablecmdStr                                       
20034ddc  AntSelectionDisablecmdStr                                       
20034df0  ti_sysbios_family_arm_cc32xx_Seconds_Module__state__V           
20034e04  APTransitionEnablecmdStr                                        
20034e17  AntSelectionEnablecmdStr                                        
20034e2a  ConnectedStationsStr                                            
20034e3d  SoftRoamingDisablecmdStr                                        
20034e50  TriggeredRoamingDisablecmdStr                                   
20034e63  helpUsageStr                                                    
20034e76  SoftRoamingEnablecmdStr                                         
20034e88  TriggeredRoamingEnablecmdStr                                    
20034e9a  radiotool_PromptStr                                             
20034eac  DataFrames                                                      
20034ecc  wlanDisconnectStr                                               
20034edb  FRAME_SUBTYPE_str                                               
20034ee9  ap_start_str                                                    
20034ef7  disableFilterStr                                                
20034f05  mDNSAdvertiseStr                                                
20034f13  ap_stop_str                                                     
20034f20  createFilterStr                                                 
20034f2d  deleteFilterStr                                                 
20034f3a  enableFilterStr                                                 
20034f47  enableWoWLANStr                                                 
20034f54  AntSelectionEnableUsageStr                                      
20034f60  CoexDisablecmdStr                                               
20034f6c  CoexEnableUsageStr                                              
20034f78  ConnectedStationsUsageStr                                       
20034f84  MgmtFrames                                                      
20034f90  SetCountryCodeStr                                               
20034f9c  ap_stop_UsageStr                                                
20034fa8  gGlobalLockCntRequested                                         
20034fa9  gGlobalLockCntReleased                                          
20034faa  g_SlDeviceStatus                                                
20034fac  g_pCB                                                           
20034fb0  pPingCallBackFunc                                               
20034fb4  ti_sysbios_family_arm_m3_Timer_Module__state__V                 
20034fc0  wlanConnectStr                                                  
20034fcc  wlanDisconnectUsageStr                                          
20034fd8  AddProfileStr                                                   
20034fe3  CoexEnablecmdStr                                                
20034fee  FRAME_TYPE_str                                                  
20034ff9  GetProfileStr                                                   
20035004  usageStr                                                        
2003500f  APTransitionDisableUsageStr                                     
20035019  APTransitionEnableUsageStr                                      
20035023  AntSelectionDisableUsageStr                                     
2003502d  CoexDisableUsageStr                                             
20035037  SoftRoamingDisableUsageStr                                      
20035041  TriggeredRoamingDisableUsageStr                                 
2003504b  WPA2_PLUS_str                                                   
20035055  mDNSQueryStr                                                    
2003505f  radiotool_Str                                                   
20035069  setPolicyStr                                                    
20035073  WPAWPA2_str                                                     
2003507c  p2pStartcmdStr                                                  
20035085  a_optionStr                                                     
20035088  _lock                                                           
2003508c  _unlock                                                         
20035090  CtrlFrames                                                      
20035098  PATTERN_str                                                     
200350a8  gMaxCmd                                                         
200350ac  gSpawn_thread                                                   
200350b0  p2pStopcmdStr                                                   
200350b8  ii                                                              
200350bc  Single_Val                                                      
200350c0  ti_sysbios_family_arm_m3_Hwi_Module__root__V                    
200350c8  ti_sysbios_gates_GateHwi_Module__root__V                        
200350d0  ti_sysbios_gates_GateMutex_Module__root__V                      
200350d8  ti_sysbios_heaps_HeapMem_Module__root__V                        
200350e0  ti_sysbios_knl_Clock_Module__root__V                            
200350e8  ti_sysbios_knl_Queue_Module__root__V                            
200350f0  ti_sysbios_knl_Semaphore_Module__root__V                        
200350f8  ti_sysbios_knl_Task_Module__root__V                             
20035100  xdc_runtime_Startup_Module__state__V                            
20035108  xdc_runtime_System_Module_State_0_atexitHandlers__A             
20035110  xdc_runtime_System_Module__state__V                             
20035118  BSSID_str                                                       
2003511e  DESTINATION_MAC_str                                             
20035124  SOURCE_MAC_str                                                  
2003512a  clearStr                                                        
20035130  cmdPromptStr                                                    
20035136  help_optionStr                                                  
2003513c  D_IP_str                                                        
20035141  OPEN_str                                                        
20035146  S_IP_str                                                        
2003514b  WPA2_str                                                        
20035150  WPA3_str                                                        
20035155  dns_optionStr                                                   
2003515a  ent_optionStr                                                   
2003515f  helpStr                                                         
20035164  mac_optionStr                                                   
20035169  pingStr                                                         
2003516e  recvStr                                                         
20035173  scanStr                                                         
20035178  sendStr                                                         
2003517d  ttl_optionStr                                                   
20035182  txpow_optionStr                                                 
20035187  WEP_str                                                         
2003518b  WPA_str                                                         
2003518f  WPS_str                                                         
20035193  ext_optionStr                                                   
20035197  gw_optionStr                                                    
2003519b  ip_optionStr                                                    
2003519f  nb_optionStr                                                    
200351a3  priority_optionStr                                              
200351a8  main_func_sp                                                    
200351b0  g_intHandle                                                     
200351b4  so_optionStr                                                    
200351b8  st_optionStr                                                    
200351bc  ti_sysbios_family_arm_m3_Hwi_Module_State_0_excContext__A       
200351c0  ti_sysbios_family_arm_m3_Hwi_Module_State_0_excStack__A         
200351c4  ti_sysbios_family_arm_m3_TimestampProvider_Module__state__V     
200351c8  ti_sysbios_gates_GateHwi_Object__table__V                       
200351cc  ti_sysbios_knl_Task_Module_State_0_idleTask__A                  
200351d0  ti_sysbios_rts_ti_ReentSupport_Module__state__V                 
200351d4  xdc_runtime_Memory_Module__state__V                             
200351d8  c_optionStr                                                     
200351db  d_optionStr                                                     
200351de  e_optionStr                                                     
200351e1  f_optionStr                                                     
200351e4  g_optionStr                                                     
200351e7  h_optionStr                                                     
200351ea  i_optionStr                                                     
200351ed  l_optionStr                                                     
200351f0  lineBreak                                                       
200351f3  m_optionStr                                                     
200351f6  n_optionStr                                                     
200351f9  o_optionStr                                                     
200351fc  p_optionStr                                                     
200351ff  r_optionStr                                                     
20035202  s_optionStr                                                     
20035205  t_optionStr                                                     
20035208  u_optionStr                                                     
2003520b  v_optionStr                                                     
2003520e  ti_sysbios_family_arm_m3_Hwi_Module_State_0_excActive__A        
20035210  gSaveCursorPosition                                             
20035211  gStackFull                                                      
20035218  __TI_static_base__                                              
20035f4c  __TI_Handler_Table_Base                                         
20035f58  __TI_Handler_Table_Limit                                        
20035f68  __TI_CINIT_Base                                                 
20035f80  __TI_CINIT_Limit                                                
e000e000  ti_sysbios_family_arm_m3_Hwi_nvic                               
ffffffff  __TI_pprof_out_hndl                                             
ffffffff  __TI_prof_data_size                                             
ffffffff  __TI_prof_data_start                                            
ffffffff  __binit__                                                       
ffffffff  __c_args__                                                      
ffffffff  binit                                                           
UNDEFED   ITM_flush                                                       
UNDEFED   ITM_restore                                                     
UNDEFED   SHT$$INIT_ARRAY$$Base                                           
UNDEFED   SHT$$INIT_ARRAY$$Limit                                          

[1318 symbols]
